Archive member included to satisfy reference by file (symbol)

D:/STM32Cube IDE/CubeIDE_1.13.1/STM32CubeIDE_1.13.1/STM32CubeIDE/plugins/com.st.stm32cube.ide.mcu.externaltools.gnu-tools-for-stm32.11.3.rel1.win32_1.1.0.202305231506/tools/bin/../lib/gcc/arm-none-eabi/11.3.1/../../../../arm-none-eabi/lib/thumb/v7e-m+fp/hard\libc_nano.a(libc_a-exit.o)
                              D:/STM32Cube IDE/CubeIDE_1.13.1/STM32CubeIDE_1.13.1/STM32CubeIDE/plugins/com.st.stm32cube.ide.mcu.externaltools.gnu-tools-for-stm32.11.3.rel1.win32_1.1.0.202305231506/tools/bin/../lib/gcc/arm-none-eabi/11.3.1/../../../../arm-none-eabi/lib/thumb/v7e-m+fp/hard/crt0.o (exit)
D:/STM32Cube IDE/CubeIDE_1.13.1/STM32CubeIDE_1.13.1/STM32CubeIDE/plugins/com.st.stm32cube.ide.mcu.externaltools.gnu-tools-for-stm32.11.3.rel1.win32_1.1.0.202305231506/tools/bin/../lib/gcc/arm-none-eabi/11.3.1/../../../../arm-none-eabi/lib/thumb/v7e-m+fp/hard\libc_nano.a(libc_a-efgcvt.o)
                              ./Core/Src/main.o (gcvt)
D:/STM32Cube IDE/CubeIDE_1.13.1/STM32CubeIDE_1.13.1/STM32CubeIDE/plugins/com.st.stm32cube.ide.mcu.externaltools.gnu-tools-for-stm32.11.3.rel1.win32_1.1.0.202305231506/tools/bin/../lib/gcc/arm-none-eabi/11.3.1/../../../../arm-none-eabi/lib/thumb/v7e-m+fp/hard\libc_nano.a(libc_a-findfp.o)
                              D:/STM32Cube IDE/CubeIDE_1.13.1/STM32CubeIDE_1.13.1/STM32CubeIDE/plugins/com.st.stm32cube.ide.mcu.externaltools.gnu-tools-for-stm32.11.3.rel1.win32_1.1.0.202305231506/tools/bin/../lib/gcc/arm-none-eabi/11.3.1/../../../../arm-none-eabi/lib/thumb/v7e-m+fp/hard\libc_nano.a(libc_a-exit.o) (__stdio_exit_handler)
D:/STM32Cube IDE/CubeIDE_1.13.1/STM32CubeIDE_1.13.1/STM32CubeIDE/plugins/com.st.stm32cube.ide.mcu.externaltools.gnu-tools-for-stm32.11.3.rel1.win32_1.1.0.202305231506/tools/bin/../lib/gcc/arm-none-eabi/11.3.1/../../../../arm-none-eabi/lib/thumb/v7e-m+fp/hard\libc_nano.a(libc_a-fwalk.o)
                              D:/STM32Cube IDE/CubeIDE_1.13.1/STM32CubeIDE_1.13.1/STM32CubeIDE/plugins/com.st.stm32cube.ide.mcu.externaltools.gnu-tools-for-stm32.11.3.rel1.win32_1.1.0.202305231506/tools/bin/../lib/gcc/arm-none-eabi/11.3.1/../../../../arm-none-eabi/lib/thumb/v7e-m+fp/hard\libc_nano.a(libc_a-findfp.o) (_fwalk_sglue)
D:/STM32Cube IDE/CubeIDE_1.13.1/STM32CubeIDE_1.13.1/STM32CubeIDE/plugins/com.st.stm32cube.ide.mcu.externaltools.gnu-tools-for-stm32.11.3.rel1.win32_1.1.0.202305231506/tools/bin/../lib/gcc/arm-none-eabi/11.3.1/../../../../arm-none-eabi/lib/thumb/v7e-m+fp/hard\libc_nano.a(libc_a-snprintf.o)
                              ./MLX90614/MLX90614.o (snprintf)
D:/STM32Cube IDE/CubeIDE_1.13.1/STM32CubeIDE_1.13.1/STM32CubeIDE/plugins/com.st.stm32cube.ide.mcu.externaltools.gnu-tools-for-stm32.11.3.rel1.win32_1.1.0.202305231506/tools/bin/../lib/gcc/arm-none-eabi/11.3.1/../../../../arm-none-eabi/lib/thumb/v7e-m+fp/hard\libc_nano.a(libc_a-sprintf.o)
                              ./MLX90614/MLX90614.o (sprintf)
D:/STM32Cube IDE/CubeIDE_1.13.1/STM32CubeIDE_1.13.1/STM32CubeIDE/plugins/com.st.stm32cube.ide.mcu.externaltools.gnu-tools-for-stm32.11.3.rel1.win32_1.1.0.202305231506/tools/bin/../lib/gcc/arm-none-eabi/11.3.1/../../../../arm-none-eabi/lib/thumb/v7e-m+fp/hard\libc_nano.a(libc_a-stdio.o)
                              D:/STM32Cube IDE/CubeIDE_1.13.1/STM32CubeIDE_1.13.1/STM32CubeIDE/plugins/com.st.stm32cube.ide.mcu.externaltools.gnu-tools-for-stm32.11.3.rel1.win32_1.1.0.202305231506/tools/bin/../lib/gcc/arm-none-eabi/11.3.1/../../../../arm-none-eabi/lib/thumb/v7e-m+fp/hard\libc_nano.a(libc_a-findfp.o) (__sread)
D:/STM32Cube IDE/CubeIDE_1.13.1/STM32CubeIDE_1.13.1/STM32CubeIDE/plugins/com.st.stm32cube.ide.mcu.externaltools.gnu-tools-for-stm32.11.3.rel1.win32_1.1.0.202305231506/tools/bin/../lib/gcc/arm-none-eabi/11.3.1/../../../../arm-none-eabi/lib/thumb/v7e-m+fp/hard\libc_nano.a(libc_a-memset.o)
                              D:/STM32Cube IDE/CubeIDE_1.13.1/STM32CubeIDE_1.13.1/STM32CubeIDE/plugins/com.st.stm32cube.ide.mcu.externaltools.gnu-tools-for-stm32.11.3.rel1.win32_1.1.0.202305231506/tools/bin/../lib/gcc/arm-none-eabi/11.3.1/../../../../arm-none-eabi/lib/thumb/v7e-m+fp/hard/crt0.o (memset)
D:/STM32Cube IDE/CubeIDE_1.13.1/STM32CubeIDE_1.13.1/STM32CubeIDE/plugins/com.st.stm32cube.ide.mcu.externaltools.gnu-tools-for-stm32.11.3.rel1.win32_1.1.0.202305231506/tools/bin/../lib/gcc/arm-none-eabi/11.3.1/../../../../arm-none-eabi/lib/thumb/v7e-m+fp/hard\libc_nano.a(libc_a-closer.o)
                              D:/STM32Cube IDE/CubeIDE_1.13.1/STM32CubeIDE_1.13.1/STM32CubeIDE/plugins/com.st.stm32cube.ide.mcu.externaltools.gnu-tools-for-stm32.11.3.rel1.win32_1.1.0.202305231506/tools/bin/../lib/gcc/arm-none-eabi/11.3.1/../../../../arm-none-eabi/lib/thumb/v7e-m+fp/hard\libc_nano.a(libc_a-stdio.o) (_close_r)
[...]
Memory Configuration

Name             Origin             Length             Attributes
RAM              0x0000000020000000 0x0000000000050000 xrw
RAM2             0x0000000010000000 0x0000000000010000 xrw
FLASH            0x0000000008000000 0x0000000000100000 xr
*default*        0x0000000000000000 0xffffffffffffffff

Linker script and memory map

LOAD D:/STM32Cube IDE/CubeIDE_1.13.1/STM32CubeIDE_1.13.1/STM32CubeIDE/plugins/com.st.stm32cube.ide.mcu.externaltools.gnu-tools-for-stm32.11.3.rel1.win32_1.1.0.202305231506/tools/bin/../lib/gcc/arm-none-eabi/11.3.1/thumb/v7e-m+fp/hard/crti.o
LOAD D:/STM32Cube IDE/CubeIDE_1.13.1/STM32CubeIDE_1.13.1/STM32CubeIDE/plugins/com.st.stm32cube.ide.mcu.externaltools.gnu-tools-for-stm32.11.3.rel1.win32_1.1.0.202305231506/tools/bin/../lib/gcc/arm-none-eabi/11.3.1/thumb/v7e-m+fp/hard/crtbegin.o
LOAD D:/STM32Cube IDE/CubeIDE_1.13.1/STM32CubeIDE_1.13.1/STM32CubeIDE/plugins/com.st.stm32cube.ide.mcu.externaltools.gnu-tools-for-stm32.11.3.rel1.win32_1.1.0.202305231506/tools/bin/../lib/gcc/arm-none-eabi/11.3.1/../../../../arm-none-eabi/lib/thumb/v7e-m+fp/hard/crt0.o
LOAD ./Core/GSR.o
LOAD ./Core/Src/main.o
LOAD ./Core/Src/stm32l4xx_hal_msp.o
LOAD ./Core/Src/stm32l4xx_it.o
LOAD ./Core/Src/syscalls.o
LOAD ./Core/Src/sysmem.o
LOAD ./Core/Src/system_stm32l4xx.o
LOAD ./Core/Startup/startup_stm32l496zgtxp.o
LOAD ./DS3231_RTC/DS3231.o
LOAD ./Drivers/STM32L4xx_HAL_Driver/Src/stm32l4xx_hal.o
LOAD ./Drivers/STM32L4xx_HAL_Driver/Src/stm32l4xx_hal_adc.o
LOAD ./Drivers/STM32L4xx_HAL_Driver/Src/stm32l4xx_hal_adc_ex.o
LOAD ./Drivers/STM32L4xx_HAL_Driver/Src/stm32l4xx_hal_cortex.o
LOAD ./Drivers/STM32L4xx_HAL_Driver/Src/stm32l4xx_hal_dma.o
LOAD ./Drivers/STM32L4xx_HAL_Driver/Src/stm32l4xx_hal_dma_ex.o
LOAD ./Drivers/STM32L4xx_HAL_Driver/Src/stm32l4xx_hal_exti.o
LOAD ./Drivers/STM32L4xx_HAL_Driver/Src/stm32l4xx_hal_flash.o
LOAD ./Drivers/STM32L4xx_HAL_Driver/Src/stm32l4xx_hal_flash_ex.o
LOAD ./Drivers/STM32L4xx_HAL_Driver/Src/stm32l4xx_hal_flash_ramfunc.o
LOAD ./Drivers/STM32L4xx_HAL_Driver/Src/stm32l4xx_hal_gpio.o
LOAD ./Drivers/STM32L4xx_HAL_Driver/Src/stm32l4xx_hal_i2c.o
LOAD ./Drivers/STM32L4xx_HAL_Driver/Src/stm32l4xx_hal_i2c_ex.o
LOAD ./Drivers/STM32L4xx_HAL_Driver/Src/stm32l4xx_hal_pwr.o
LOAD ./Drivers/STM32L4xx_HAL_Driver/Src/stm32l4xx_hal_pwr_ex.o
LOAD ./Drivers/STM32L4xx_HAL_Driver/Src/stm32l4xx_hal_rcc.o
LOAD ./Drivers/STM32L4xx_HAL_Driver/Src/stm32l4xx_hal_rcc_ex.o
LOAD ./Drivers/STM32L4xx_HAL_Driver/Src/stm32l4xx_hal_spi.o
LOAD ./Drivers/STM32L4xx_HAL_Driver/Src/stm32l4xx_hal_spi_ex.o
LOAD ./Drivers/STM32L4xx_HAL_Driver/Src/stm32l4xx_hal_tim.o
LOAD ./Drivers/STM32L4xx_HAL_Driver/Src/stm32l4xx_hal_tim_ex.o
LOAD ./ECG_Driver/ECG.o
LOAD ./EMG_Driver/EMG.o
LOAD ./FATFS/App/fatfs.o
LOAD ./FATFS/Target/user_diskio.o
LOAD ./MLX90614/MLX90614.o
LOAD ./MPU6050/MPU6050.o
LOAD ./Middlewares/Third_Party/FatFs/src/diskio.o
LOAD ./Middlewares/Third_Party/FatFs/src/ff.o
LOAD ./Middlewares/Third_Party/FatFs/src/ff_gen_drv.o
LOAD ./Middlewares/Third_Party/FatFs/src/option/ccsbcs.o
LOAD ./Middlewares/Third_Party/FatFs/src/option/syscall.o
LOAD ./SD_Card_FATFS/fatfs_sd.o
START GROUP
LOAD D:/STM32Cube IDE/CubeIDE_1.13.1/STM32CubeIDE_1.13.1/STM32CubeIDE/plugins/com.st.stm32cube.ide.mcu.externaltools.gnu-tools-for-stm32.11.3.rel1.win32_1.1.0.202305231506/tools/bin/../lib/gcc/arm-none-eabi/11.3.1/../../../../arm-none-eabi/lib/thumb/v7e-m+fp/hard\libc_nano.a
LOAD D:/STM32Cube IDE/CubeIDE_1.13.1/STM32CubeIDE_1.13.1/STM32CubeIDE/plugins/com.st.stm32cube.ide.mcu.externaltools.gnu-tools-for-stm32.11.3.rel1.win32_1.1.0.202305231506/tools/bin/../lib/gcc/arm-none-eabi/11.3.1/../../../../arm-none-eabi/lib/thumb/v7e-m+fp/hard\libm.a
END GROUP
START GROUP
LOAD D:/STM32Cube IDE/CubeIDE_1.13.1/STM32CubeIDE_1.13.1/STM32CubeIDE/plugins/com.st.stm32cube.ide.mcu.externaltools.gnu-tools-for-stm32.11.3.rel1.win32_1.1.0.202305231506/tools/bin/../lib/gcc/arm-none-eabi/11.3.1/thumb/v7e-m+fp/hard\libgcc.a
LOAD D:/STM32Cube IDE/CubeIDE_1.13.1/STM32CubeIDE_1.13.1/STM32CubeIDE/plugins/com.st.stm32cube.ide.mcu.externaltools.gnu-tools-for-stm32.11.3.rel1.win32_1.1.0.202305231506/tools/bin/../lib/gcc/arm-none-eabi/11.3.1/../../../../arm-none-eabi/lib/thumb/v7e-m+fp/hard\libc_nano.a
END GROUP
START GROUP
LOAD D:/STM32Cube IDE/CubeIDE_1.13.1/STM32CubeIDE_1.13.1/STM32CubeIDE/plugins/com.st.stm32cube.ide.mcu.externaltools.gnu-tools-for-stm32.11.3.rel1.win32_1.1.0.202305231506/tools/bin/../lib/gcc/arm-none-eabi/11.3.1/thumb/v7e-m+fp/hard\libgcc.a
LOAD D:/STM32Cube IDE/CubeIDE_1.13.1/STM32CubeIDE_1.13.1/STM32CubeIDE/plugins/com.st.stm32cube.ide.mcu.externaltools.gnu-tools-for-stm32.11.3.rel1.win32_1.1.0.202305231506/tools/bin/../lib/gcc/arm-none-eabi/11.3.1/../../../../arm-none-eabi/lib/thumb/v7e-m+fp/hard\libc_nano.a
LOAD D:/STM32Cube IDE/CubeIDE_1.13.1/STM32CubeIDE_1.13.1/STM32CubeIDE/plugins/com.st.stm32cube.ide.mcu.externaltools.gnu-tools-for-stm32.11.3.rel1.win32_1.1.0.202305231506/tools/bin/../lib/gcc/arm-none-eabi/11.3.1/../../../../arm-none-eabi/lib/thumb/v7e-m+fp/hard\libnosys.a
END GROUP
START GROUP
LOAD D:/STM32Cube IDE/CubeIDE_1.13.1/STM32CubeIDE_1.13.1/STM32CubeIDE/plugins/com.st.stm32cube.ide.mcu.externaltools.gnu-tools-for-stm32.11.3.rel1.win32_1.1.0.202305231506/tools/bin/../lib/gcc/arm-none-eabi/11.3.1/thumb/v7e-m+fp/hard\libgcc.a
LOAD D:/STM32Cube IDE/CubeIDE_1.13.1/STM32CubeIDE_1.13.1/STM32CubeIDE/plugins/com.st.stm32cube.ide.mcu.externaltools.gnu-tools-for-stm32.11.3.rel1.win32_1.1.0.202305231506/tools/bin/../lib/gcc/arm-none-eabi/11.3.1/../../../../arm-none-eabi/lib/thumb/v7e-m+fp/hard\libc_nano.a
LOAD D:/STM32Cube IDE/CubeIDE_1.13.1/STM32CubeIDE_1.13.1/STM32CubeIDE/plugins/com.st.stm32cube.ide.mcu.externaltools.gnu-tools-for-stm32.11.3.rel1.win32_1.1.0.202305231506/tools/bin/../lib/gcc/arm-none-eabi/11.3.1/../../../../arm-none-eabi/lib/thumb/v7e-m+fp/hard\libnosys.a
END GROUP
LOAD D:/STM32Cube IDE/CubeIDE_1.13.1/STM32CubeIDE_1.13.1/STM32CubeIDE/plugins/com.st.stm32cube.ide.mcu.externaltools.gnu-tools-for-stm32.11.3.rel1.win32_1.1.0.202305231506/tools/bin/../lib/gcc/arm-none-eabi/11.3.1/thumb/v7e-m+fp/hard/crtend.o
LOAD D:/STM32Cube IDE/CubeIDE_1.13.1/STM32CubeIDE_1.13.1/STM32CubeIDE/plugins/com.st.stm32cube.ide.mcu.externaltools.gnu-tools-for-stm32.11.3.rel1.win32_1.1.0.202305231506/tools/bin/../lib/gcc/arm-none-eabi/11.3.1/thumb/v7e-m+fp/hard/crtn.o
                0x0000000020050000                _estack = (ORIGIN (RAM) + LENGTH (RAM))
                0x0000000000000200                _Min_Heap_Size = 0x200
                0x0000000000000400                _Min_Stack_Size = 0x400

.isr_vector     0x0000000008000000      0x1ac
                0x0000000008000000                . = ALIGN (0x4)
 *(.isr_vector)
 .isr_vector    0x0000000008000000      0x1ac ./Core/Startup/startup_stm32l496zgtxp.o
                0x0000000008000000                g_pfnVectors
                0x00000000080001ac                . = ALIGN (0x4)

.text           0x00000000080001b0     0xdf34
                0x00000000080001b0                . = ALIGN (0x4)
 *(.text)
 .text          0x00000000080001b0       0x40 D:/STM32Cube IDE/CubeIDE_1.13.1/STM32CubeIDE_1.13.1/STM32CubeIDE/plugins/com.st.stm32cube.ide.mcu.externaltools.gnu-tools-for-stm32.11.3.rel1.win32_1.1.0.202305231506/tools/bin/../lib/gcc/arm-none-eabi/11.3.1/thumb/v7e-m+fp/hard/crtbegin.o
 .text          0x00000000080001f0       0xa0 D:/STM32Cube IDE/CubeIDE_1.13.1/STM32CubeIDE_1.13.1/STM32CubeIDE/plugins/com.st.stm32cube.ide.mcu.externaltools.gnu-tools-for-stm32.11.3.rel1.win32_1.1.0.202305231506/tools/bin/../lib/gcc/arm-none-eabi/11.3.1/../../../../arm-none-eabi/lib/thumb/v7e-m+fp/hard\libc_nano.a(libc_a-memchr.o)
                0x00000000080001f0                memchr
 .text          0x0000000008000290      0x378 D:/STM32Cube IDE/CubeIDE_1.13.1/STM32CubeIDE_1.13.1/STM32CubeIDE/plugins/com.st.stm32cube.ide.mcu.externaltools.gnu-tools-for-stm32.11.3.rel1.win32_1.1.0.202305231506/tools/bin/../lib/gcc/arm-none-eabi/11.3.1/thumb/v7e-m+fp/hard\libgcc.a(_arm_addsubdf3.o)
                0x0000000008000290                __aeabi_drsub
                0x0000000008000298                __aeabi_dsub
                0x0000000008000298                __subdf3
                0x000000000800029c                __aeabi_dadd
                0x000000000800029c                __adddf3
                0x0000000008000514                __floatunsidf
                0x0000000008000514                __aeabi_ui2d
                0x0000000008000534                __floatsidf
                0x0000000008000534                __aeabi_i2d
                0x0000000008000558                __aeabi_f2d
                0x0000000008000558                __extendsfdf2
                0x000000000800059c                __floatundidf
                0x000000000800059c                __aeabi_ul2d
                0x00000000080005ac                __floatdidf
                0x00000000080005ac                __aeabi_l2d
 .text          0x0000000008000608      0x424 D:/STM32Cube IDE/CubeIDE_1.13.1/STM32CubeIDE_1.13.1/STM32CubeIDE/plugins/com.st.stm32cube.ide.mcu.externaltools.gnu-tools-for-stm32.11.3.rel1.win32_1.1.0.202305231506/tools/bin/../lib/gcc/arm-none-eabi/11.3.1/thumb/v7e-m+fp/hard\libgcc.a(_arm_muldivdf3.o)
                0x0000000008000608                __aeabi_dmul
                0x0000000008000608                __muldf3
                0x000000000800085c                __divdf3
                0x000000000800085c                __aeabi_ddiv
 .text          0x0000000008000a2c      0x110 D:/STM32Cube IDE/CubeIDE_1.13.1/STM32CubeIDE_1.13.1/STM32CubeIDE/plugins/com.st.stm32cube.ide.mcu.externaltools.gnu-tools-for-stm32.11.3.rel1.win32_1.1.0.202305231506/tools/bin/../lib/gcc/arm-none-eabi/11.3.1/thumb/v7e-m+fp/hard\libgcc.a(_arm_cmpdf2.o)
                0x0000000008000a2c                __gtdf2
                0x0000000008000a2c                __gedf2
                0x0000000008000a34                __ltdf2
                0x0000000008000a34                __ledf2
                0x0000000008000a3c                __nedf2
                0x0000000008000a3c                __eqdf2
                0x0000000008000a3c                __cmpdf2
                0x0000000008000ab8                __aeabi_cdrcmple
                0x0000000008000ac8                __aeabi_cdcmpeq
                0x0000000008000ac8                __aeabi_cdcmple
                0x0000000008000ad8                __aeabi_dcmpeq
                0x0000000008000aec                __aeabi_dcmplt
                0x0000000008000b00                __aeabi_dcmple
                0x0000000008000b14                __aeabi_dcmpge
                0x0000000008000b28                __aeabi_dcmpgt
 .text          0x0000000008000b3c       0x50 D:/STM32Cube IDE/CubeIDE_1.13.1/STM32CubeIDE_1.13.1/STM32CubeIDE/plugins/com.st.stm32cube.ide.mcu.externaltools.gnu-tools-for-stm32.11.3.rel1.win32_1.1.0.202305231506/tools/bin/../lib/gcc/arm-none-eabi/11.3.1/thumb/v7e-m+fp/hard\libgcc.a(_arm_fixdfsi.o)
                0x0000000008000b3c                __aeabi_d2iz
                0x0000000008000b3c                __fixdfsi
 .text          0x0000000008000b8c       0xa0 D:/STM32Cube IDE/CubeIDE_1.13.1/STM32CubeIDE_1.13.1/STM32CubeIDE/plugins/com.st.stm32cube.ide.mcu.externaltools.gnu-tools-for-stm32.11.3.rel1.win32_1.1.0.202305231506/tools/bin/../lib/gcc/arm-none-eabi/11.3.1/thumb/v7e-m+fp/hard\libgcc.a(_arm_truncdfsf2.o)
                0x0000000008000b8c                __truncdfsf2
                0x0000000008000b8c                __aeabi_d2f
 *(.text*)
 .text.Get_GSR  0x0000000008000c2c       0x34 ./Core/GSR.o
                0x0000000008000c2c                Get_GSR
 .text.main     0x0000000008000c60      0x290 ./Core/Src/main.o
                0x0000000008000c60                main
 .text.SystemClock_Config
                0x0000000008000ef0       0xa6 ./Core/Src/main.o
                0x0000000008000ef0                SystemClock_Config
 .text.PeriphCommonClock_Config
                0x0000000008000f96       0x58 ./Core/Src/main.o
                0x0000000008000f96                PeriphCommonClock_Config
 *fill*         0x0000000008000fee        0x2 
 .text.MX_ADC1_Init
                0x0000000008000ff0      0x134 ./Core/Src/main.o
 .text.MX_ADC2_Init
                0x0000000008001124       0xc8 ./Core/Src/main.o
 .text.MX_ADC3_Init
                0x00000000080011ec       0xc8 ./Core/Src/main.o
 .text.MX_I2C1_Init
                0x00000000080012b4       0x80 ./Core/Src/main.o
 .text.MX_I2C2_Init
                0x0000000008001334       0x80 ./Core/Src/main.o
 .text.MX_SPI1_Init
                0x00000000080013b4       0x7c ./Core/Src/main.o
 .text.MX_GPIO_Init
                0x0000000008001430       0xc4 ./Core/Src/main.o
 .text.Error_Handler
                0x00000000080014f4        0xa ./Core/Src/main.o
                0x00000000080014f4                Error_Handler
 *fill*         0x00000000080014fe        0x2 
 .text.HAL_MspInit
                0x0000000008001500       0x48 ./Core/Src/stm32l4xx_hal_msp.o
                0x0000000008001500                HAL_MspInit
 .text.HAL_ADC_MspInit
                0x0000000008001548      0x170 ./Core/Src/stm32l4xx_hal_msp.o
                0x0000000008001548                HAL_ADC_MspInit
 .text.HAL_I2C_MspInit
                0x00000000080016b8      0x148 ./Core/Src/stm32l4xx_hal_msp.o
                0x00000000080016b8                HAL_I2C_MspInit
 .text.HAL_SPI_MspInit
                0x0000000008001800       0x84 ./Core/Src/stm32l4xx_hal_msp.o
                0x0000000008001800                HAL_SPI_MspInit
 .text.NMI_Handler
                0x0000000008001884        0x6 ./Core/Src/stm32l4xx_it.o
                0x0000000008001884                NMI_Handler
 .text.HardFault_Handler
                0x000000000800188a        0x6 ./Core/Src/stm32l4xx_it.o
                0x000000000800188a                HardFault_Handler
 .text.MemManage_Handler
                0x0000000008001890        0x6 ./Core/Src/stm32l4xx_it.o
                0x0000000008001890                MemManage_Handler
 .text.BusFault_Handler
                0x0000000008001896        0x6 ./Core/Src/stm32l4xx_it.o
                0x0000000008001896                BusFault_Handler
 .text.UsageFault_Handler
                0x000000000800189c        0x6 ./Core/Src/stm32l4xx_it.o
                0x000000000800189c                UsageFault_Handler
 .text.SVC_Handler
                0x00000000080018a2        0xe ./Core/Src/stm32l4xx_it.o
                0x00000000080018a2                SVC_Handler
 .text.DebugMon_Handler
                0x00000000080018b0        0xe ./Core/Src/stm32l4xx_it.o
                0x00000000080018b0                DebugMon_Handler
 .text.PendSV_Handler
                0x00000000080018be        0xe ./Core/Src/stm32l4xx_it.o
                0x00000000080018be                PendSV_Handler
 .text.SysTick_Handler
                0x00000000080018cc       0x3c ./Core/Src/stm32l4xx_it.o
                0x00000000080018cc                SysTick_Handler
 .text._getpid  0x0000000008001908       0x10 ./Core/Src/syscalls.o
                0x0000000008001908                _getpid
 .text._kill    0x0000000008001918       0x20 ./Core/Src/syscalls.o
                0x0000000008001918                _kill
 .text._exit    0x0000000008001938       0x14 ./Core/Src/syscalls.o
                0x0000000008001938                _exit
 .text._read    0x000000000800194c       0x3a ./Core/Src/syscalls.o
                0x000000000800194c                _read
 .text._write   0x0000000008001986       0x38 ./Core/Src/syscalls.o
                0x0000000008001986                _write
 .text._close   0x00000000080019be       0x18 ./Core/Src/syscalls.o
                0x00000000080019be                _close
 .text._fstat   0x00000000080019d6       0x20 ./Core/Src/syscalls.o
                0x00000000080019d6                _fstat
 .text._isatty  0x00000000080019f6       0x16 ./Core/Src/syscalls.o
                0x00000000080019f6                _isatty
 .text._lseek   0x0000000008001a0c       0x1a ./Core/Src/syscalls.o
                0x0000000008001a0c                _lseek
 *fill*         0x0000000008001a26        0x2 
 .text._sbrk    0x0000000008001a28       0x6c ./Core/Src/sysmem.o
                0x0000000008001a28                _sbrk
 .text.SystemInit
                0x0000000008001a94       0x24 ./Core/Src/system_stm32l4xx.o
                0x0000000008001a94                SystemInit
 .text.Reset_Handler
                0x0000000008001ab8       0x50 ./Core/Startup/startup_stm32l496zgtxp.o
                0x0000000008001ab8                Reset_Handler
 .text.Default_Handler
                0x0000000008001b08        0x2 ./Core/Startup/startup_stm32l496zgtxp.o
                0x0000000008001b08                RTC_Alarm_IRQHandler
                0x0000000008001b08                EXTI2_IRQHandler
                0x0000000008001b08                TIM8_TRG_COM_IRQHandler
                0x0000000008001b08                TIM8_CC_IRQHandler
                0x0000000008001b08                TIM1_CC_IRQHandler
                0x0000000008001b08                TSC_IRQHandler
                0x0000000008001b08                TAMP_STAMP_IRQHandler
                0x0000000008001b08                CAN2_RX1_IRQHandler
                0x0000000008001b08                EXTI3_IRQHandler
                0x0000000008001b08                LPTIM2_IRQHandler
                0x0000000008001b08                DFSDM1_FLT1_IRQHandler
                0x0000000008001b08                I2C3_ER_IRQHandler
                0x0000000008001b08                DFSDM1_FLT2_IRQHandler
                0x0000000008001b08                EXTI0_IRQHandler
                0x0000000008001b08                I2C2_EV_IRQHandler
                0x0000000008001b08                CAN1_RX0_IRQHandler
                0x0000000008001b08                FPU_IRQHandler
                0x0000000008001b08                TIM1_UP_TIM16_IRQHandler
                0x0000000008001b08                CAN2_SCE_IRQHandler
                0x0000000008001b08                ADC1_2_IRQHandler
                0x0000000008001b08                SPI1_IRQHandler
                0x0000000008001b08                TIM6_DAC_IRQHandler
                0x0000000008001b08                DCMI_IRQHandler
                0x0000000008001b08                CAN2_RX0_IRQHandler
                0x0000000008001b08                TIM8_UP_IRQHandler
                0x0000000008001b08                DMA2_Channel2_IRQHandler
                0x0000000008001b08                DMA1_Channel4_IRQHandler
                0x0000000008001b08                SAI2_IRQHandler
                0x0000000008001b08                DFSDM1_FLT3_IRQHandler
                0x0000000008001b08                USART3_IRQHandler
                0x0000000008001b08                DMA1_Channel7_IRQHandler
                0x0000000008001b08                CAN1_RX1_IRQHandler
                0x0000000008001b08                LCD_IRQHandler
                0x0000000008001b08                UART5_IRQHandler
                0x0000000008001b08                ADC3_IRQHandler
                0x0000000008001b08                TIM4_IRQHandler
                0x0000000008001b08                DMA2_Channel1_IRQHandler
                0x0000000008001b08                QUADSPI_IRQHandler
                0x0000000008001b08                I2C1_EV_IRQHandler
                0x0000000008001b08                DMA1_Channel6_IRQHandler
                0x0000000008001b08                UART4_IRQHandler
                0x0000000008001b08                DMA2_Channel4_IRQHandler
                0x0000000008001b08                TIM3_IRQHandler
                0x0000000008001b08                RCC_IRQHandler
                0x0000000008001b08                DMA1_Channel1_IRQHandler
                0x0000000008001b08                Default_Handler
                0x0000000008001b08                DMA2_Channel7_IRQHandler
                0x0000000008001b08                EXTI15_10_IRQHandler
                0x0000000008001b08                TIM7_IRQHandler
                0x0000000008001b08                SDMMC1_IRQHandler
                0x0000000008001b08                CAN2_TX_IRQHandler
                0x0000000008001b08                TIM5_IRQHandler
                0x0000000008001b08                I2C3_EV_IRQHandler
                0x0000000008001b08                EXTI9_5_IRQHandler
                0x0000000008001b08                RTC_WKUP_IRQHandler
                0x0000000008001b08                PVD_PVM_IRQHandler
                0x0000000008001b08                SPI2_IRQHandler
                0x0000000008001b08                CAN1_TX_IRQHandler
                0x0000000008001b08                DMA2_Channel5_IRQHandler
                0x0000000008001b08                CRS_IRQHandler
                0x0000000008001b08                DMA1_Channel5_IRQHandler
                0x0000000008001b08                EXTI4_IRQHandler
                0x0000000008001b08                RNG_IRQHandler
                0x0000000008001b08                TIM1_TRG_COM_TIM17_IRQHandler
                0x0000000008001b08                DMA1_Channel3_IRQHandler
                0x0000000008001b08                COMP_IRQHandler
                0x0000000008001b08                WWDG_IRQHandler
                0x0000000008001b08                I2C4_EV_IRQHandler
                0x0000000008001b08                LPUART1_IRQHandler
                0x0000000008001b08                DMA2_Channel6_IRQHandler
                0x0000000008001b08                TIM2_IRQHandler
                0x0000000008001b08                EXTI1_IRQHandler
                0x0000000008001b08                USART2_IRQHandler
                0x0000000008001b08                DFSDM1_FLT0_IRQHandler
                0x0000000008001b08                I2C2_ER_IRQHandler
                0x0000000008001b08                DMA1_Channel2_IRQHandler
                0x0000000008001b08                TIM8_BRK_IRQHandler
                0x0000000008001b08                CAN1_SCE_IRQHandler
                0x0000000008001b08                FLASH_IRQHandler
                0x0000000008001b08                USART1_IRQHandler
                0x0000000008001b08                OTG_FS_IRQHandler
                0x0000000008001b08                SPI3_IRQHandler
                0x0000000008001b08                I2C1_ER_IRQHandler
                0x0000000008001b08                FMC_IRQHandler
                0x0000000008001b08                SWPMI1_IRQHandler
                0x0000000008001b08                LPTIM1_IRQHandler
                0x0000000008001b08                I2C4_ER_IRQHandler
                0x0000000008001b08                SAI1_IRQHandler
                0x0000000008001b08                DMA2_Channel3_IRQHandler
                0x0000000008001b08                TIM1_BRK_TIM15_IRQHandler
 *fill*         0x0000000008001b0a        0x2 
 .text.DS3231_Init
                0x0000000008001b0c       0x20 ./DS3231_RTC/DS3231.o
                0x0000000008001b0c                DS3231_Init
 .text.DS3231_GetTime
                0x0000000008001b2c       0xf8 ./DS3231_RTC/DS3231.o
                0x0000000008001b2c                DS3231_GetTime
 .text.B2D      0x0000000008001c24       0x32 ./DS3231_RTC/DS3231.o
 .text.HAL_Init
                0x0000000008001c56       0x30 ./Drivers/STM32L4xx_HAL_Driver/Src/stm32l4xx_hal.o
                0x0000000008001c56                HAL_Init
 *fill*         0x0000000008001c86        0x2 
 .text.HAL_InitTick
                0x0000000008001c88       0x78 ./Drivers/STM32L4xx_HAL_Driver/Src/stm32l4xx_hal.o
                0x0000000008001c88                HAL_InitTick
 .text.HAL_IncTick
                0x0000000008001d00       0x28 ./Drivers/STM32L4xx_HAL_Driver/Src/stm32l4xx_hal.o
                0x0000000008001d00                HAL_IncTick
 .text.HAL_GetTick
                0x0000000008001d28       0x18 ./Drivers/STM32L4xx_HAL_Driver/Src/stm32l4xx_hal.o
                0x0000000008001d28                HAL_GetTick
 .text.HAL_Delay
                0x0000000008001d40       0x48 ./Drivers/STM32L4xx_HAL_Driver/Src/stm32l4xx_hal.o
                0x0000000008001d40                HAL_Delay
 .text.LL_ADC_SetCommonClock
                0x0000000008001d88       0x26 ./Drivers/STM32L4xx_HAL_Driver/Src/stm32l4xx_hal_adc.o
 .text.LL_ADC_SetCommonPathInternalCh
                0x0000000008001dae       0x26 ./Drivers/STM32L4xx_HAL_Driver/Src/stm32l4xx_hal_adc.o
 .text.LL_ADC_GetCommonPathInternalCh
                0x0000000008001dd4       0x1c ./Drivers/STM32L4xx_HAL_Driver/Src/stm32l4xx_hal_adc.o
 .text.LL_ADC_SetOffset
                0x0000000008001df0       0x48 ./Drivers/STM32L4xx_HAL_Driver/Src/stm32l4xx_hal_adc.o
 .text.LL_ADC_GetOffsetChannel
                0x0000000008001e38       0x2c ./Drivers/STM32L4xx_HAL_Driver/Src/stm32l4xx_hal_adc.o
 .text.LL_ADC_SetOffsetState
                0x0000000008001e64       0x36 ./Drivers/STM32L4xx_HAL_Driver/Src/stm32l4xx_hal_adc.o
 .text.LL_ADC_SetSamplingTimeCommonConfig
                0x0000000008001e9a       0x26 ./Drivers/STM32L4xx_HAL_Driver/Src/stm32l4xx_hal_adc.o
 .text.LL_ADC_REG_IsTriggerSourceSWStart
                0x0000000008001ec0       0x26 ./Drivers/STM32L4xx_HAL_Driver/Src/stm32l4xx_hal_adc.o
 .text.LL_ADC_REG_SetSequencerRanks
                0x0000000008001ee6       0x58 ./Drivers/STM32L4xx_HAL_Driver/Src/stm32l4xx_hal_adc.o
 .text.LL_ADC_SetChannelSamplingTime
                0x0000000008001f3e       0x56 ./Drivers/STM32L4xx_HAL_Driver/Src/stm32l4xx_hal_adc.o
 .text.LL_ADC_SetChannelSingleDiff
                0x0000000008001f94       0x48 ./Drivers/STM32L4xx_HAL_Driver/Src/stm32l4xx_hal_adc.o
 .text.LL_ADC_GetMultimode
                0x0000000008001fdc       0x1c ./Drivers/STM32L4xx_HAL_Driver/Src/stm32l4xx_hal_adc.o
 .text.LL_ADC_GetMultiDMATransfer
                0x0000000008001ff8       0x1c ./Drivers/STM32L4xx_HAL_Driver/Src/stm32l4xx_hal_adc.o
 .text.LL_ADC_DisableDeepPowerDown
                0x0000000008002014       0x24 ./Drivers/STM32L4xx_HAL_Driver/Src/stm32l4xx_hal_adc.o
 .text.LL_ADC_IsDeepPowerDownEnabled
                0x0000000008002038       0x28 ./Drivers/STM32L4xx_HAL_Driver/Src/stm32l4xx_hal_adc.o
 .text.LL_ADC_EnableInternalRegulator
                0x0000000008002060       0x28 ./Drivers/STM32L4xx_HAL_Driver/Src/stm32l4xx_hal_adc.o
 .text.LL_ADC_IsInternalRegulatorEnabled
                0x0000000008002088       0x28 ./Drivers/STM32L4xx_HAL_Driver/Src/stm32l4xx_hal_adc.o
 .text.LL_ADC_Enable
                0x00000000080020b0       0x28 ./Drivers/STM32L4xx_HAL_Driver/Src/stm32l4xx_hal_adc.o
 .text.LL_ADC_Disable
                0x00000000080020d8       0x28 ./Drivers/STM32L4xx_HAL_Driver/Src/stm32l4xx_hal_adc.o
 .text.LL_ADC_IsEnabled
                0x0000000008002100       0x26 ./Drivers/STM32L4xx_HAL_Driver/Src/stm32l4xx_hal_adc.o
 .text.LL_ADC_IsDisableOngoing
                0x0000000008002126       0x26 ./Drivers/STM32L4xx_HAL_Driver/Src/stm32l4xx_hal_adc.o
 .text.LL_ADC_REG_StartConversion
                0x000000000800214c       0x28 ./Drivers/STM32L4xx_HAL_Driver/Src/stm32l4xx_hal_adc.o
 .text.LL_ADC_REG_StopConversion
                0x0000000008002174       0x28 ./Drivers/STM32L4xx_HAL_Driver/Src/stm32l4xx_hal_adc.o
 .text.LL_ADC_REG_IsConversionOngoing
                0x000000000800219c       0x26 ./Drivers/STM32L4xx_HAL_Driver/Src/stm32l4xx_hal_adc.o
 .text.LL_ADC_INJ_StopConversion
                0x00000000080021c2       0x28 ./Drivers/STM32L4xx_HAL_Driver/Src/stm32l4xx_hal_adc.o
 .text.LL_ADC_INJ_IsConversionOngoing
                0x00000000080021ea       0x26 ./Drivers/STM32L4xx_HAL_Driver/Src/stm32l4xx_hal_adc.o
 .text.HAL_ADC_Init
                0x0000000008002210      0x2a8 ./Drivers/STM32L4xx_HAL_Driver/Src/stm32l4xx_hal_adc.o
                0x0000000008002210                HAL_ADC_Init
 .text.HAL_ADC_Start
                0x00000000080024b8      0x174 ./Drivers/STM32L4xx_HAL_Driver/Src/stm32l4xx_hal_adc.o
                0x00000000080024b8                HAL_ADC_Start
 .text.HAL_ADC_Stop
                0x000000000800262c       0x66 ./Drivers/STM32L4xx_HAL_Driver/Src/stm32l4xx_hal_adc.o
                0x000000000800262c                HAL_ADC_Stop
 *fill*         0x0000000008002692        0x2 
 .text.HAL_ADC_PollForConversion
                0x0000000008002694      0x1b0 ./Drivers/STM32L4xx_HAL_Driver/Src/stm32l4xx_hal_adc.o
                0x0000000008002694                HAL_ADC_PollForConversion
 .text.HAL_ADC_GetValue
                0x0000000008002844       0x1a ./Drivers/STM32L4xx_HAL_Driver/Src/stm32l4xx_hal_adc.o
                0x0000000008002844                HAL_ADC_GetValue
 *fill*         0x000000000800285e        0x2 
 .text.HAL_ADC_ConfigChannel
                0x0000000008002860      0x818 ./Drivers/STM32L4xx_HAL_Driver/Src/stm32l4xx_hal_adc.o
                0x0000000008002860                HAL_ADC_ConfigChannel
 .text.ADC_ConversionStop
                0x0000000008003078      0x178 ./Drivers/STM32L4xx_HAL_Driver/Src/stm32l4xx_hal_adc.o
                0x0000000008003078                ADC_ConversionStop
 .text.ADC_Enable
                0x00000000080031f0      0x10c ./Drivers/STM32L4xx_HAL_Driver/Src/stm32l4xx_hal_adc.o
                0x00000000080031f0                ADC_Enable
 .text.ADC_Disable
                0x00000000080032fc       0xbe ./Drivers/STM32L4xx_HAL_Driver/Src/stm32l4xx_hal_adc.o
                0x00000000080032fc                ADC_Disable
 .text.LL_ADC_IsEnabled
                0x00000000080033ba       0x26 ./Drivers/STM32L4xx_HAL_Driver/Src/stm32l4xx_hal_adc_ex.o
 .text.LL_ADC_REG_IsConversionOngoing
                0x00000000080033e0       0x26 ./Drivers/STM32L4xx_HAL_Driver/Src/stm32l4xx_hal_adc_ex.o
 *fill*         0x0000000008003406        0x2 
 .text.HAL_ADCEx_MultiModeConfigChannel
                0x0000000008003408      0x160 ./Drivers/STM32L4xx_HAL_Driver/Src/stm32l4xx_hal_adc_ex.o
                0x0000000008003408                HAL_ADCEx_MultiModeConfigChannel
 .text.__NVIC_SetPriorityGrouping
                0x0000000008003568       0x48 ./Drivers/STM32L4xx_HAL_Driver/Src/stm32l4xx_hal_cortex.o
 .text.__NVIC_GetPriorityGrouping
                0x00000000080035b0       0x1c ./Drivers/STM32L4xx_HAL_Driver/Src/stm32l4xx_hal_cortex.o
 .text.__NVIC_SetPriority
                0x00000000080035cc       0x54 ./Drivers/STM32L4xx_HAL_Driver/Src/stm32l4xx_hal_cortex.o
 .text.NVIC_EncodePriority
                0x0000000008003620       0x66 ./Drivers/STM32L4xx_HAL_Driver/Src/stm32l4xx_hal_cortex.o
 *fill*         0x0000000008003686        0x2 
 .text.SysTick_Config
                0x0000000008003688       0x44 ./Drivers/STM32L4xx_HAL_Driver/Src/stm32l4xx_hal_cortex.o
 .text.HAL_NVIC_SetPriorityGrouping
                0x00000000080036cc       0x16 ./Drivers/STM32L4xx_HAL_Driver/Src/stm32l4xx_hal_cortex.o
                0x00000000080036cc                HAL_NVIC_SetPriorityGrouping
 .text.HAL_NVIC_SetPriority
                0x00000000080036e2       0x38 ./Drivers/STM32L4xx_HAL_Driver/Src/stm32l4xx_hal_cortex.o
                0x00000000080036e2                HAL_NVIC_SetPriority
 .text.HAL_SYSTICK_Config
                0x000000000800371a       0x18 ./Drivers/STM32L4xx_HAL_Driver/Src/stm32l4xx_hal_cortex.o
                0x000000000800371a                HAL_SYSTICK_Config
 *fill*         0x0000000008003732        0x2 
 .text.HAL_GPIO_Init
                0x0000000008003734      0x324 ./Drivers/STM32L4xx_HAL_Driver/Src/stm32l4xx_hal_gpio.o
                0x0000000008003734                HAL_GPIO_Init
 .text.HAL_GPIO_WritePin
                0x0000000008003a58       0x30 ./Drivers/STM32L4xx_HAL_Driver/Src/stm32l4xx_hal_gpio.o
                0x0000000008003a58                HAL_GPIO_WritePin
 .text.HAL_I2C_Init
                0x0000000008003a88      0x136 ./Drivers/STM32L4xx_HAL_Driver/Src/stm32l4xx_hal_i2c.o
                0x0000000008003a88                HAL_I2C_Init
 *fill*         0x0000000008003bbe        0x2 
 .text.HAL_I2C_Master_Transmit
                0x0000000008003bc0      0x230 ./Drivers/STM32L4xx_HAL_Driver/Src/stm32l4xx_hal_i2c.o
                0x0000000008003bc0                HAL_I2C_Master_Transmit
 .text.HAL_I2C_Master_Receive
                0x0000000008003df0      0x1ec ./Drivers/STM32L4xx_HAL_Driver/Src/stm32l4xx_hal_i2c.o
                0x0000000008003df0                HAL_I2C_Master_Receive
 .text.HAL_I2C_Mem_Write
                0x0000000008003fdc      0x228 ./Drivers/STM32L4xx_HAL_Driver/Src/stm32l4xx_hal_i2c.o
                0x0000000008003fdc                HAL_I2C_Mem_Write
 .text.HAL_I2C_Mem_Read
                0x0000000008004204      0x234 ./Drivers/STM32L4xx_HAL_Driver/Src/stm32l4xx_hal_i2c.o
                0x0000000008004204                HAL_I2C_Mem_Read
 .text.I2C_RequestMemoryWrite
                0x0000000008004438       0xa8 ./Drivers/STM32L4xx_HAL_Driver/Src/stm32l4xx_hal_i2c.o
 .text.I2C_RequestMemoryRead
                0x00000000080044e0       0xa8 ./Drivers/STM32L4xx_HAL_Driver/Src/stm32l4xx_hal_i2c.o
 .text.I2C_Flush_TXDR
                0x0000000008004588       0x48 ./Drivers/STM32L4xx_HAL_Driver/Src/stm32l4xx_hal_i2c.o
 .text.I2C_WaitOnFlagUntilTimeout
                0x00000000080045d0       0x9e ./Drivers/STM32L4xx_HAL_Driver/Src/stm32l4xx_hal_i2c.o
 .text.I2C_WaitOnTXISFlagUntilTimeout
                0x000000000800466e       0x8e ./Drivers/STM32L4xx_HAL_Driver/Src/stm32l4xx_hal_i2c.o
 .text.I2C_WaitOnSTOPFlagUntilTimeout
                0x00000000080046fc       0x86 ./Drivers/STM32L4xx_HAL_Driver/Src/stm32l4xx_hal_i2c.o
 *fill*         0x0000000008004782        0x2 
 .text.I2C_WaitOnRXNEFlagUntilTimeout
                0x0000000008004784      0x104 ./Drivers/STM32L4xx_HAL_Driver/Src/stm32l4xx_hal_i2c.o
 .text.I2C_IsErrorOccurred
                0x0000000008004888      0x1c0 ./Drivers/STM32L4xx_HAL_Driver/Src/stm32l4xx_hal_i2c.o
 .text.I2C_TransferConfig
                0x0000000008004a48       0x64 ./Drivers/STM32L4xx_HAL_Driver/Src/stm32l4xx_hal_i2c.o
 .text.HAL_I2CEx_ConfigAnalogFilter
                0x0000000008004aac       0x96 ./Drivers/STM32L4xx_HAL_Driver/Src/stm32l4xx_hal_i2c_ex.o
                0x0000000008004aac                HAL_I2CEx_ConfigAnalogFilter
 .text.HAL_I2CEx_ConfigDigitalFilter
                0x0000000008004b42       0x98 ./Drivers/STM32L4xx_HAL_Driver/Src/stm32l4xx_hal_i2c_ex.o
                0x0000000008004b42                HAL_I2CEx_ConfigDigitalFilter
 *fill*         0x0000000008004bda        0x2 
 .text.HAL_PWREx_GetVoltageRange
                0x0000000008004bdc       0x1c ./Drivers/STM32L4xx_HAL_Driver/Src/stm32l4xx_hal_pwr_ex.o
                0x0000000008004bdc                HAL_PWREx_GetVoltageRange
 .text.HAL_PWREx_ControlVoltageScaling
                0x0000000008004bf8       0xac ./Drivers/STM32L4xx_HAL_Driver/Src/stm32l4xx_hal_pwr_ex.o
                0x0000000008004bf8                HAL_PWREx_ControlVoltageScaling
 .text.HAL_RCC_OscConfig
                0x0000000008004ca4      0x834 ./Drivers/STM32L4xx_HAL_Driver/Src/stm32l4xx_hal_rcc.o
                0x0000000008004ca4                HAL_RCC_OscConfig
 .text.HAL_RCC_ClockConfig
                0x00000000080054d8      0x200 ./Drivers/STM32L4xx_HAL_Driver/Src/stm32l4xx_hal_rcc.o
                0x00000000080054d8                HAL_RCC_ClockConfig
 .text.HAL_RCC_GetSysClockFreq
                0x00000000080056d8      0x118 ./Drivers/STM32L4xx_HAL_Driver/Src/stm32l4xx_hal_rcc.o
                0x00000000080056d8                HAL_RCC_GetSysClockFreq
 .text.RCC_SetFlashLatencyFromMSIRange
                0x00000000080057f0       0xc0 ./Drivers/STM32L4xx_HAL_Driver/Src/stm32l4xx_hal_rcc.o
 .text.HAL_RCCEx_PeriphCLKConfig
                0x00000000080058b0      0x5f8 ./Drivers/STM32L4xx_HAL_Driver/Src/stm32l4xx_hal_rcc_ex.o
                0x00000000080058b0                HAL_RCCEx_PeriphCLKConfig
 .text.RCCEx_PLLSAI1_Config
                0x0000000008005ea8      0x1e4 ./Drivers/STM32L4xx_HAL_Driver/Src/stm32l4xx_hal_rcc_ex.o
 .text.RCCEx_PLLSAI2_Config
                0x000000000800608c      0x1b8 ./Drivers/STM32L4xx_HAL_Driver/Src/stm32l4xx_hal_rcc_ex.o
 .text.HAL_SPI_Init
                0x0000000008006244      0x146 ./Drivers/STM32L4xx_HAL_Driver/Src/stm32l4xx_hal_spi.o
                0x0000000008006244                HAL_SPI_Init
 .text.HAL_SPI_Transmit
                0x000000000800638a      0x2ea ./Drivers/STM32L4xx_HAL_Driver/Src/stm32l4xx_hal_spi.o
                0x000000000800638a                HAL_SPI_Transmit
 .text.HAL_SPI_TransmitReceive
                0x0000000008006674      0x444 ./Drivers/STM32L4xx_HAL_Driver/Src/stm32l4xx_hal_spi.o
                0x0000000008006674                HAL_SPI_TransmitReceive
 .text.SPI_WaitFlagStateUntilTimeout
                0x0000000008006ab8      0x110 ./Drivers/STM32L4xx_HAL_Driver/Src/stm32l4xx_hal_spi.o
 .text.SPI_WaitFifoStateUntilTimeout
                0x0000000008006bc8      0x12c ./Drivers/STM32L4xx_HAL_Driver/Src/stm32l4xx_hal_spi.o
 .text.SPI_EndRxTxTransaction
                0x0000000008006cf4       0x8c ./Drivers/STM32L4xx_HAL_Driver/Src/stm32l4xx_hal_spi.o
 .text.Get_ECG  0x0000000008006d80       0x34 ./ECG_Driver/ECG.o
                0x0000000008006d80                Get_ECG
 .text.ADC_Select_CH1
                0x0000000008006db4       0x54 ./EMG_Driver/EMG.o
                0x0000000008006db4                ADC_Select_CH1
 .text.ADC_Select_CH2
                0x0000000008006e08       0x44 ./EMG_Driver/EMG.o
                0x0000000008006e08                ADC_Select_CH2
 .text.ADC_Select_CH3
                0x0000000008006e4c       0x44 ./EMG_Driver/EMG.o
                0x0000000008006e4c                ADC_Select_CH3
 .text.ADC_Select_CH4
                0x0000000008006e90       0x44 ./EMG_Driver/EMG.o
                0x0000000008006e90                ADC_Select_CH4
 .text.Get_EMG  0x0000000008006ed4       0xa8 ./EMG_Driver/EMG.o
                0x0000000008006ed4                Get_EMG
 .text.MX_FATFS_Init
                0x0000000008006f7c       0x24 ./FATFS/App/fatfs.o
                0x0000000008006f7c                MX_FATFS_Init
 .text.get_fattime
                0x0000000008006fa0       0x10 ./FATFS/App/fatfs.o
                0x0000000008006fa0                get_fattime
 .text.USER_initialize
                0x0000000008006fb0       0x1e ./FATFS/Target/user_diskio.o
                0x0000000008006fb0                USER_initialize
 .text.USER_status
                0x0000000008006fce       0x1e ./FATFS/Target/user_diskio.o
                0x0000000008006fce                USER_status
 .text.USER_read
                0x0000000008006fec       0x28 ./FATFS/Target/user_diskio.o
                0x0000000008006fec                USER_read
 .text.USER_write
                0x0000000008007014       0x28 ./FATFS/Target/user_diskio.o
                0x0000000008007014                USER_write
 .text.USER_ioctl
                0x000000000800703c       0x28 ./FATFS/Target/user_diskio.o
                0x000000000800703c                USER_ioctl
 .text.CRC8_Calc
                0x0000000008007064       0x5c ./MLX90614/MLX90614.o
                0x0000000008007064                CRC8_Calc
 .text.MLX90614_ReadReg
                0x00000000080070c0       0xc0 ./MLX90614/MLX90614.o
                0x00000000080070c0                MLX90614_ReadReg
 .text.MLX90614_ReadTemp
                0x0000000008007180       0x78 ./MLX90614/MLX90614.o
                0x0000000008007180                MLX90614_ReadTemp
 .text.MLX90614_SendDebugMsg
                0x00000000080071f8       0x78 ./MLX90614/MLX90614.o
                0x00000000080071f8                MLX90614_SendDebugMsg
 .text.MPU6050_Init
                0x0000000008007270       0xac ./MPU6050/MPU6050.o
                0x0000000008007270                MPU6050_Init
 .text.MPU6050_Read_Accel
                0x000000000800731c       0xf8 ./MPU6050/MPU6050.o
                0x000000000800731c                MPU6050_Read_Accel
 *fill*         0x0000000008007414        0x4 
 .text.MPU6050_Read_Gyro
                0x0000000008007418       0xfc ./MPU6050/MPU6050.o
                0x0000000008007418                MPU6050_Read_Gyro
 .text.disk_status
                0x0000000008007514       0x34 ./Middlewares/Third_Party/FatFs/src/diskio.o
                0x0000000008007514                disk_status
 .text.disk_initialize
                0x0000000008007548       0x4c ./Middlewares/Third_Party/FatFs/src/diskio.o
                0x0000000008007548                disk_initialize
 .text.disk_read
                0x0000000008007594       0x40 ./Middlewares/Third_Party/FatFs/src/diskio.o
                0x0000000008007594                disk_read
 .text.disk_write
                0x00000000080075d4       0x40 ./Middlewares/Third_Party/FatFs/src/diskio.o
                0x00000000080075d4                disk_write
 .text.disk_ioctl
                0x0000000008007614       0x3c ./Middlewares/Third_Party/FatFs/src/diskio.o
                0x0000000008007614                disk_ioctl
 .text.ld_word  0x0000000008007650       0x30 ./Middlewares/Third_Party/FatFs/src/ff.o
 .text.ld_dword
                0x0000000008007680       0x46 ./Middlewares/Third_Party/FatFs/src/ff.o
 .text.st_word  0x00000000080076c6       0x36 ./Middlewares/Third_Party/FatFs/src/ff.o
 .text.st_dword
                0x00000000080076fc       0x58 ./Middlewares/Third_Party/FatFs/src/ff.o
 .text.mem_cpy  0x0000000008007754       0x42 ./Middlewares/Third_Party/FatFs/src/ff.o
 .text.mem_set  0x0000000008007796       0x36 ./Middlewares/Third_Party/FatFs/src/ff.o
 .text.mem_cmp  0x00000000080077cc       0x4e ./Middlewares/Third_Party/FatFs/src/ff.o
 .text.chk_chr  0x000000000800781a       0x36 ./Middlewares/Third_Party/FatFs/src/ff.o
 .text.chk_lock
                0x0000000008007850       0xb8 ./Middlewares/Third_Party/FatFs/src/ff.o
 .text.enq_lock
                0x0000000008007908       0x44 ./Middlewares/Third_Party/FatFs/src/ff.o
 .text.inc_lock
                0x000000000800794c      0x11c ./Middlewares/Third_Party/FatFs/src/ff.o
 .text.dec_lock
                0x0000000008007a68       0x78 ./Middlewares/Third_Party/FatFs/src/ff.o
 .text.clear_lock
                0x0000000008007ae0       0x48 ./Middlewares/Third_Party/FatFs/src/ff.o
 .text.sync_window
                0x0000000008007b28       0x88 ./Middlewares/Third_Party/FatFs/src/ff.o
 .text.move_window
                0x0000000008007bb0       0x5a ./Middlewares/Third_Party/FatFs/src/ff.o
 *fill*         0x0000000008007c0a        0x2 
 .text.sync_fs  0x0000000008007c0c       0xe0 ./Middlewares/Third_Party/FatFs/src/ff.o
 .text.clust2sect
                0x0000000008007cec       0x3e ./Middlewares/Third_Party/FatFs/src/ff.o
 .text.get_fat  0x0000000008007d2a      0x1a8 ./Middlewares/Third_Party/FatFs/src/ff.o
 .text.put_fat  0x0000000008007ed2      0x234 ./Middlewares/Third_Party/FatFs/src/ff.o
 .text.remove_chain
                0x0000000008008106       0xca ./Middlewares/Third_Party/FatFs/src/ff.o
 .text.create_chain
                0x00000000080081d0      0x130 ./Middlewares/Third_Party/FatFs/src/ff.o
 .text.clmt_clust
                0x0000000008008300       0x70 ./Middlewares/Third_Party/FatFs/src/ff.o
 .text.dir_sdi  0x0000000008008370      0x112 ./Middlewares/Third_Party/FatFs/src/ff.o
 .text.dir_next
                0x0000000008008482      0x1ac ./Middlewares/Third_Party/FatFs/src/ff.o
 .text.dir_alloc
                0x000000000800862e       0x8e ./Middlewares/Third_Party/FatFs/src/ff.o
 .text.ld_clust
                0x00000000080086bc       0x3e ./Middlewares/Third_Party/FatFs/src/ff.o
 .text.st_clust
                0x00000000080086fa       0x40 ./Middlewares/Third_Party/FatFs/src/ff.o
 *fill*         0x000000000800873a        0x2 
 .text.cmp_lfn  0x000000000800873c       0xe0 ./Middlewares/Third_Party/FatFs/src/ff.o
 .text.put_lfn  0x000000000800881c       0xd0 ./Middlewares/Third_Party/FatFs/src/ff.o
 .text.gen_numname
                0x00000000080088ec      0x11c ./Middlewares/Third_Party/FatFs/src/ff.o
 .text.sum_sfn  0x0000000008008a08       0x42 ./Middlewares/Third_Party/FatFs/src/ff.o
 .text.dir_find
                0x0000000008008a4a      0x180 ./Middlewares/Third_Party/FatFs/src/ff.o
 *fill*         0x0000000008008bca        0x2 
 .text.dir_register
                0x0000000008008bcc      0x1f0 ./Middlewares/Third_Party/FatFs/src/ff.o
 .text.create_name
                0x0000000008008dbc      0x370 ./Middlewares/Third_Party/FatFs/src/ff.o
 .text.follow_path
                0x000000000800912c       0xec ./Middlewares/Third_Party/FatFs/src/ff.o
 .text.get_ldnumber
                0x0000000008009218       0x88 ./Middlewares/Third_Party/FatFs/src/ff.o
 .text.check_fs
                0x00000000080092a0       0xac ./Middlewares/Third_Party/FatFs/src/ff.o
 .text.find_volume
                0x000000000800934c      0x50c ./Middlewares/Third_Party/FatFs/src/ff.o
 .text.validate
                0x0000000008009858       0x6a ./Middlewares/Third_Party/FatFs/src/ff.o
 *fill*         0x00000000080098c2        0x2 
 .text.f_mount  0x00000000080098c4       0x8c ./Middlewares/Third_Party/FatFs/src/ff.o
                0x00000000080098c4                f_mount
 .text.f_open   0x0000000008009950      0x398 ./Middlewares/Third_Party/FatFs/src/ff.o
                0x0000000008009950                f_open
 .text.f_write  0x0000000008009ce8      0x328 ./Middlewares/Third_Party/FatFs/src/ff.o
                0x0000000008009ce8                f_write
 .text.f_sync   0x000000000800a010       0xfc ./Middlewares/Third_Party/FatFs/src/ff.o
                0x000000000800a010                f_sync
 .text.f_close  0x000000000800a10c       0x54 ./Middlewares/Third_Party/FatFs/src/ff.o
                0x000000000800a10c                f_close
 .text.f_lseek  0x000000000800a160      0x448 ./Middlewares/Third_Party/FatFs/src/ff.o
                0x000000000800a160                f_lseek
 .text.putc_bfd
                0x000000000800a5a8       0x7a ./Middlewares/Third_Party/FatFs/src/ff.o
 .text.putc_flush
                0x000000000800a622       0x4a ./Middlewares/Third_Party/FatFs/src/ff.o
 .text.putc_init
                0x000000000800a66c       0x2a ./Middlewares/Third_Party/FatFs/src/ff.o
 *fill*         0x000000000800a696        0x2 
 .text.f_printf
                0x000000000800a698      0x43c ./Middlewares/Third_Party/FatFs/src/ff.o
                0x000000000800a698                f_printf
 .text.FATFS_LinkDriverEx
                0x000000000800aad4       0x98 ./Middlewares/Third_Party/FatFs/src/ff_gen_drv.o
                0x000000000800aad4                FATFS_LinkDriverEx
 .text.FATFS_LinkDriver
                0x000000000800ab6c       0x1e ./Middlewares/Third_Party/FatFs/src/ff_gen_drv.o
                0x000000000800ab6c                FATFS_LinkDriver
 *fill*         0x000000000800ab8a        0x2 
 .text.ff_convert
                0x000000000800ab8c       0x78 ./Middlewares/Third_Party/FatFs/src/option/ccsbcs.o
                0x000000000800ab8c                ff_convert
 .text.ff_wtoupper
                0x000000000800ac04      0x114 ./Middlewares/Third_Party/FatFs/src/option/ccsbcs.o
                0x000000000800ac04                ff_wtoupper
 .text.SELECT   0x000000000800ad18       0x1c ./SD_Card_FATFS/fatfs_sd.o
 .text.DESELECT
                0x000000000800ad34       0x1c ./SD_Card_FATFS/fatfs_sd.o
 .text.SPI_TxByte
                0x000000000800ad50       0x34 ./SD_Card_FATFS/fatfs_sd.o
 .text.SPI_TxBuffer
                0x000000000800ad84       0x34 ./SD_Card_FATFS/fatfs_sd.o
 .text.SPI_RxByte
                0x000000000800adb8       0x38 ./SD_Card_FATFS/fatfs_sd.o
 .text.SPI_RxBytePtr
                0x000000000800adf0       0x1c ./SD_Card_FATFS/fatfs_sd.o
 .text.SD_ReadyWait
                0x000000000800ae0c       0x34 ./SD_Card_FATFS/fatfs_sd.o
 .text.SD_PowerOn
                0x000000000800ae40       0x84 ./SD_Card_FATFS/fatfs_sd.o
 .text.SD_PowerOff
                0x000000000800aec4       0x18 ./SD_Card_FATFS/fatfs_sd.o
 .text.SD_CheckPower
                0x000000000800aedc       0x18 ./SD_Card_FATFS/fatfs_sd.o
 .text.SD_RxDataBlock
                0x000000000800aef4       0x5c ./SD_Card_FATFS/fatfs_sd.o
 .text.SD_TxDataBlock
                0x000000000800af50       0x86 ./SD_Card_FATFS/fatfs_sd.o
 .text.SD_SendCmd
                0x000000000800afd6       0xa8 ./SD_Card_FATFS/fatfs_sd.o
 *fill*         0x000000000800b07e        0x2 
 .text.SD_disk_initialize
                0x000000000800b080      0x1cc ./SD_Card_FATFS/fatfs_sd.o
                0x000000000800b080                SD_disk_initialize
 .text.SD_disk_status
                0x000000000800b24c       0x2c ./SD_Card_FATFS/fatfs_sd.o
                0x000000000800b24c                SD_disk_status
 .text.SD_disk_read
                0x000000000800b278       0xd4 ./SD_Card_FATFS/fatfs_sd.o
                0x000000000800b278                SD_disk_read
 .text.SD_disk_write
                0x000000000800b34c      0x108 ./SD_Card_FATFS/fatfs_sd.o
                0x000000000800b34c                SD_disk_write
 .text.SD_disk_ioctl
                0x000000000800b454      0x258 ./SD_Card_FATFS/fatfs_sd.o
                0x000000000800b454                SD_disk_ioctl
 .text.gcvt     0x000000000800b6ac       0x48 D:/STM32Cube IDE/CubeIDE_1.13.1/STM32CubeIDE_1.13.1/STM32CubeIDE/plugins/com.st.stm32cube.ide.mcu.externaltools.gnu-tools-for-stm32.11.3.rel1.win32_1.1.0.202305231506/tools/bin/../lib/gcc/arm-none-eabi/11.3.1/../../../../arm-none-eabi/lib/thumb/v7e-m+fp/hard\libc_nano.a(libc_a-efgcvt.o)
                0x000000000800b6ac                gcvt
 .text.std      0x000000000800b6f4       0x48 D:/STM32Cube IDE/CubeIDE_1.13.1/STM32CubeIDE_1.13.1/STM32CubeIDE/plugins/com.st.stm32cube.ide.mcu.externaltools.gnu-tools-for-stm32.11.3.rel1.win32_1.1.0.202305231506/tools/bin/../lib/gcc/arm-none-eabi/11.3.1/../../../../arm-none-eabi/lib/thumb/v7e-m+fp/hard\libc_nano.a(libc_a-findfp.o)
 .text.stdio_exit_handler
                0x000000000800b73c       0x18 D:/STM32Cube IDE/CubeIDE_1.13.1/STM32CubeIDE_1.13.1/STM32CubeIDE/plugins/com.st.stm32cube.ide.mcu.externaltools.gnu-tools-for-stm32.11.3.rel1.win32_1.1.0.202305231506/tools/bin/../lib/gcc/arm-none-eabi/11.3.1/../../../../arm-none-eabi/lib/thumb/v7e-m+fp/hard\libc_nano.a(libc_a-findfp.o)
 .text.cleanup_stdio
                0x000000000800b754       0x40 D:/STM32Cube IDE/CubeIDE_1.13.1/STM32CubeIDE_1.13.1/STM32CubeIDE/plugins/com.st.stm32cube.ide.mcu.externaltools.gnu-tools-for-stm32.11.3.rel1.win32_1.1.0.202305231506/tools/bin/../lib/gcc/arm-none-eabi/11.3.1/../../../../arm-none-eabi/lib/thumb/v7e-m+fp/hard\libc_nano.a(libc_a-findfp.o)
 .text.global_stdio_init.part.0
                0x000000000800b794       0x3c D:/STM32Cube IDE/CubeIDE_1.13.1/STM32CubeIDE_1.13.1/STM32CubeIDE/plugins/com.st.stm32cube.ide.mcu.externaltools.gnu-tools-for-stm32.11.3.rel1.win32_1.1.0.202305231506/tools/bin/../lib/gcc/arm-none-eabi/11.3.1/../../../../arm-none-eabi/lib/thumb/v7e-m+fp/hard\libc_nano.a(libc_a-findfp.o)
 .text.__sfp_lock_acquire
                0x000000000800b7d0        0xc D:/STM32Cube IDE/CubeIDE_1.13.1/STM32CubeIDE_1.13.1/STM32CubeIDE/plugins/com.st.stm32cube.ide.mcu.externaltools.gnu-tools-for-stm32.11.3.rel1.win32_1.1.0.202305231506/tools/bin/../lib/gcc/arm-none-eabi/11.3.1/../../../../arm-none-eabi/lib/thumb/v7e-m+fp/hard\libc_nano.a(libc_a-findfp.o)
                0x000000000800b7d0                __sfp_lock_acquire
 .text.__sfp_lock_release
                0x000000000800b7dc        0xc D:/STM32Cube IDE/CubeIDE_1.13.1/STM32CubeIDE_1.13.1/STM32CubeIDE/plugins/com.st.stm32cube.ide.mcu.externaltools.gnu-tools-for-stm32.11.3.rel1.win32_1.1.0.202305231506/tools/bin/../lib/gcc/arm-none-eabi/11.3.1/../../../../arm-none-eabi/lib/thumb/v7e-m+fp/hard\libc_nano.a(libc_a-findfp.o)
                0x000000000800b7dc                __sfp_lock_release
 .text.__sinit  0x000000000800b7e8       0x30 D:/STM32Cube IDE/CubeIDE_1.13.1/STM32CubeIDE_1.13.1/STM32CubeIDE/plugins/com.st.stm32cube.ide.mcu.externaltools.gnu-tools-for-stm32.11.3.rel1.win32_1.1.0.202305231506/tools/bin/../lib/gcc/arm-none-eabi/11.3.1/../../../../arm-none-eabi/lib/thumb/v7e-m+fp/hard\libc_nano.a(libc_a-findfp.o)
                0x000000000800b7e8                __sinit
 .text._fwalk_sglue
                0x000000000800b818       0x3c D:/STM32Cube IDE/CubeIDE_1.13.1/STM32CubeIDE_1.13.1/STM32CubeIDE/plugins/com.st.stm32cube.ide.mcu.externaltools.gnu-tools-for-stm32.11.3.rel1.win32_1.1.0.202305231506/tools/bin/../lib/gcc/arm-none-eabi/11.3.1/../../../../arm-none-eabi/lib/thumb/v7e-m+fp/hard\libc_nano.a(libc_a-fwalk.o)
                0x000000000800b818                _fwalk_sglue
 .text.snprintf
                0x000000000800b854       0x68 D:/STM32Cube IDE/CubeIDE_1.13.1/STM32CubeIDE_1.13.1/STM32CubeIDE/plugins/com.st.stm32cube.ide.mcu.externaltools.gnu-tools-for-stm32.11.3.rel1.win32_1.1.0.202305231506/tools/bin/../lib/gcc/arm-none-eabi/11.3.1/../../../../arm-none-eabi/lib/thumb/v7e-m+fp/hard\libc_nano.a(libc_a-snprintf.o)
                0x000000000800b854                sniprintf
                0x000000000800b854                snprintf
 .text.__sread  0x000000000800b8bc       0x22 D:/STM32Cube IDE/CubeIDE_1.13.1/STM32CubeIDE_1.13.1/STM32CubeIDE/plugins/com.st.stm32cube.ide.mcu.externaltools.gnu-tools-for-stm32.11.3.rel1.win32_1.1.0.202305231506/tools/bin/../lib/gcc/arm-none-eabi/11.3.1/../../../../arm-none-eabi/lib/thumb/v7e-m+fp/hard\libc_nano.a(libc_a-stdio.o)
                0x000000000800b8bc                __sread
 .text.__swrite
                0x000000000800b8de       0x38 D:/STM32Cube IDE/CubeIDE_1.13.1/STM32CubeIDE_1.13.1/STM32CubeIDE/plugins/com.st.stm32cube.ide.mcu.externaltools.gnu-tools-for-stm32.11.3.rel1.win32_1.1.0.202305231506/tools/bin/../lib/gcc/arm-none-eabi/11.3.1/../../../../arm-none-eabi/lib/thumb/v7e-m+fp/hard\libc_nano.a(libc_a-stdio.o)
                0x000000000800b8de                __swrite
 .text.__sseek  0x000000000800b916       0x24 D:/STM32Cube IDE/CubeIDE_1.13.1/STM32CubeIDE_1.13.1/STM32CubeIDE/plugins/com.st.stm32cube.ide.mcu.externaltools.gnu-tools-for-stm32.11.3.rel1.win32_1.1.0.202305231506/tools/bin/../lib/gcc/arm-none-eabi/11.3.1/../../../../arm-none-eabi/lib/thumb/v7e-m+fp/hard\libc_nano.a(libc_a-stdio.o)
                0x000000000800b916                __sseek
 .text.__sclose
                0x000000000800b93a        0x8 D:/STM32Cube IDE/CubeIDE_1.13.1/STM32CubeIDE_1.13.1/STM32CubeIDE/plugins/com.st.stm32cube.ide.mcu.externaltools.gnu-tools-for-stm32.11.3.rel1.win32_1.1.0.202305231506/tools/bin/../lib/gcc/arm-none-eabi/11.3.1/../../../../arm-none-eabi/lib/thumb/v7e-m+fp/hard\libc_nano.a(libc_a-stdio.o)
                0x000000000800b93a                __sclose
 .text.memset   0x000000000800b942       0x10 D:/STM32Cube IDE/CubeIDE_1.13.1/STM32CubeIDE_1.13.1/STM32CubeIDE/plugins/com.st.stm32cube.ide.mcu.externaltools.gnu-tools-for-stm32.11.3.rel1.win32_1.1.0.202305231506/tools/bin/../lib/gcc/arm-none-eabi/11.3.1/../../../../arm-none-eabi/lib/thumb/v7e-m+fp/hard\libc_nano.a(libc_a-memset.o)
                0x000000000800b942                memset
 *fill*         0x000000000800b952        0x2 
 .text._close_r
                0x000000000800b954       0x20 D:/STM32Cube IDE/CubeIDE_1.13.1/STM32CubeIDE_1.13.1/STM32CubeIDE/plugins/com.st.stm32cube.ide.mcu.externaltools.gnu-tools-for-stm32.11.3.rel1.win32_1.1.0.202305231506/tools/bin/../lib/gcc/arm-none-eabi/11.3.1/../../../../arm-none-eabi/lib/thumb/v7e-m+fp/hard\libc_nano.a(libc_a-closer.o)
                0x000000000800b954                _close_r
 .text._lseek_r
                0x000000000800b974       0x24 D:/STM32Cube IDE/CubeIDE_1.13.1/STM32CubeIDE_1.13.1/STM32CubeIDE/plugins/com.st.stm32cube.ide.mcu.externaltools.gnu-tools-for-stm32.11.3.rel1.win32_1.1.0.202305231506/tools/bin/../lib/gcc/arm-none-eabi/11.3.1/../../../../arm-none-eabi/lib/thumb/v7e-m+fp/hard\libc_nano.a(libc_a-lseekr.o)
                0x000000000800b974                _lseek_r
 .text._read_r  0x000000000800b998       0x24 D:/STM32Cube IDE/CubeIDE_1.13.1/STM32CubeIDE_1.13.1/STM32CubeIDE/plugins/com.st.stm32cube.ide.mcu.externaltools.gnu-tools-for-stm32.11.3.rel1.win32_1.1.0.202305231506/tools/bin/../lib/gcc/arm-none-eabi/11.3.1/../../../../arm-none-eabi/lib/thumb/v7e-m+fp/hard\libc_nano.a(libc_a-readr.o)
                0x000000000800b998                _read_r
 .text._write_r
                0x000000000800b9bc       0x24 D:/STM32Cube IDE/CubeIDE_1.13.1/STM32CubeIDE_1.13.1/STM32CubeIDE/plugins/com.st.stm32cube.ide.mcu.externaltools.gnu-tools-for-stm32.11.3.rel1.win32_1.1.0.202305231506/tools/bin/../lib/gcc/arm-none-eabi/11.3.1/../../../../arm-none-eabi/lib/thumb/v7e-m+fp/hard\libc_nano.a(libc_a-writer.o)
                0x000000000800b9bc                _write_r
 .text.__errno  0x000000000800b9e0        0xc D:/STM32Cube IDE/CubeIDE_1.13.1/STM32CubeIDE_1.13.1/STM32CubeIDE/plugins/com.st.stm32cube.ide.mcu.externaltools.gnu-tools-for-stm32.11.3.rel1.win32_1.1.0.202305231506/tools/bin/../lib/gcc/arm-none-eabi/11.3.1/../../../../arm-none-eabi/lib/thumb/v7e-m+fp/hard\libc_nano.a(libc_a-errno.o)
                0x000000000800b9e0                __errno
 .text.__libc_init_array
                0x000000000800b9ec       0x48 D:/STM32Cube IDE/CubeIDE_1.13.1/STM32CubeIDE_1.13.1/STM32CubeIDE/plugins/com.st.stm32cube.ide.mcu.externaltools.gnu-tools-for-stm32.11.3.rel1.win32_1.1.0.202305231506/tools/bin/../lib/gcc/arm-none-eabi/11.3.1/../../../../arm-none-eabi/lib/thumb/v7e-m+fp/hard\libc_nano.a(libc_a-init.o)
                0x000000000800b9ec                __libc_init_array
 .text.__retarget_lock_acquire_recursive
                0x000000000800ba34        0x2 D:/STM32Cube IDE/CubeIDE_1.13.1/STM32CubeIDE_1.13.1/STM32CubeIDE/plugins/com.st.stm32cube.ide.mcu.externaltools.gnu-tools-for-stm32.11.3.rel1.win32_1.1.0.202305231506/tools/bin/../lib/gcc/arm-none-eabi/11.3.1/../../../../arm-none-eabi/lib/thumb/v7e-m+fp/hard\libc_nano.a(libc_a-lock.o)
                0x000000000800ba34                __retarget_lock_acquire_recursive
 .text.__retarget_lock_release_recursive
                0x000000000800ba36        0x2 D:/STM32Cube IDE/CubeIDE_1.13.1/STM32CubeIDE_1.13.1/STM32CubeIDE/plugins/com.st.stm32cube.ide.mcu.externaltools.gnu-tools-for-stm32.11.3.rel1.win32_1.1.0.202305231506/tools/bin/../lib/gcc/arm-none-eabi/11.3.1/../../../../arm-none-eabi/lib/thumb/v7e-m+fp/hard\libc_nano.a(libc_a-lock.o)
                0x000000000800ba36                __retarget_lock_release_recursive
 .text._free_r  0x000000000800ba38       0x98 D:/STM32Cube IDE/CubeIDE_1.13.1/STM32CubeIDE_1.13.1/STM32CubeIDE/plugins/com.st.stm32cube.ide.mcu.externaltools.gnu-tools-for-stm32.11.3.rel1.win32_1.1.0.202305231506/tools/bin/../lib/gcc/arm-none-eabi/11.3.1/../../../../arm-none-eabi/lib/thumb/v7e-m+fp/hard\libc_nano.a(libc_a-freer.o)
                0x000000000800ba38                _free_r
 .text.sbrk_aligned
                0x000000000800bad0       0x40 D:/STM32Cube IDE/CubeIDE_1.13.1/STM32CubeIDE_1.13.1/STM32CubeIDE/plugins/com.st.stm32cube.ide.mcu.externaltools.gnu-tools-for-stm32.11.3.rel1.win32_1.1.0.202305231506/tools/bin/../lib/gcc/arm-none-eabi/11.3.1/../../../../arm-none-eabi/lib/thumb/v7e-m+fp/hard\libc_nano.a(libc_a-mallocr.o)
 .text._malloc_r
                0x000000000800bb10      0x100 D:/STM32Cube IDE/CubeIDE_1.13.1/STM32CubeIDE_1.13.1/STM32CubeIDE/plugins/com.st.stm32cube.ide.mcu.externaltools.gnu-tools-for-stm32.11.3.rel1.win32_1.1.0.202305231506/tools/bin/../lib/gcc/arm-none-eabi/11.3.1/../../../../arm-none-eabi/lib/thumb/v7e-m+fp/hard\libc_nano.a(libc_a-mallocr.o)
                0x000000000800bb10                _malloc_r
 .text.__malloc_lock
                0x000000000800bc10        0xc D:/STM32Cube IDE/CubeIDE_1.13.1/STM32CubeIDE_1.13.1/STM32CubeIDE/plugins/com.st.stm32cube.ide.mcu.externaltools.gnu-tools-for-stm32.11.3.rel1.win32_1.1.0.202305231506/tools/bin/../lib/gcc/arm-none-eabi/11.3.1/../../../../arm-none-eabi/lib/thumb/v7e-m+fp/hard\libc_nano.a(libc_a-mlock.o)
                0x000000000800bc10                __malloc_lock
 .text.__malloc_unlock
                0x000000000800bc1c        0xc D:/STM32Cube IDE/CubeIDE_1.13.1/STM32CubeIDE_1.13.1/STM32CubeIDE/plugins/com.st.stm32cube.ide.mcu.externaltools.gnu-tools-for-stm32.11.3.rel1.win32_1.1.0.202305231506/tools/bin/../lib/gcc/arm-none-eabi/11.3.1/../../../../arm-none-eabi/lib/thumb/v7e-m+fp/hard\libc_nano.a(libc_a-mlock.o)
                0x000000000800bc1c                __malloc_unlock
 .text.print_e  0x000000000800bc28       0xee D:/STM32Cube IDE/CubeIDE_1.13.1/STM32CubeIDE_1.13.1/STM32CubeIDE/plugins/com.st.stm32cube.ide.mcu.externaltools.gnu-tools-for-stm32.11.3.rel1.win32_1.1.0.202305231506/tools/bin/../lib/gcc/arm-none-eabi/11.3.1/../../../../arm-none-eabi/lib/thumb/v7e-m+fp/hard\libc_nano.a(libc_a-ecvtbuf.o)
 *fill*         0x000000000800bd16        0x2 
 .text._gcvt    0x000000000800bd18      0x180 D:/STM32Cube IDE/CubeIDE_1.13.1/STM32CubeIDE_1.13.1/STM32CubeIDE/plugins/com.st.stm32cube.ide.mcu.externaltools.gnu-tools-for-stm32.11.3.rel1.win32_1.1.0.202305231506/tools/bin/../lib/gcc/arm-none-eabi/11.3.1/../../../../arm-none-eabi/lib/thumb/v7e-m+fp/hard\libc_nano.a(libc_a-ecvtbuf.o)
                0x000000000800bd18                _gcvt
 .text.__ssputs_r
                0x000000000800be98       0xb4 D:/STM32Cube IDE/CubeIDE_1.13.1/STM32CubeIDE_1.13.1/STM32CubeIDE/plugins/com.st.stm32cube.ide.mcu.externaltools.gnu-tools-for-stm32.11.3.rel1.win32_1.1.0.202305231506/tools/bin/../lib/gcc/arm-none-eabi/11.3.1/../../../../arm-none-eabi/lib/thumb/v7e-m+fp/hard\libc_nano.a(libc_a-nano-svfprintf.o)
                0x000000000800be98                __ssputs_r
 .text._svfprintf_r
                0x000000000800bf4c      0x1fc D:/STM32Cube IDE/CubeIDE_1.13.1/STM32CubeIDE_1.13.1/STM32CubeIDE/plugins/com.st.stm32cube.ide.mcu.externaltools.gnu-tools-for-stm32.11.3.rel1.win32_1.1.0.202305231506/tools/bin/../lib/gcc/arm-none-eabi/11.3.1/../../../../arm-none-eabi/lib/thumb/v7e-m+fp/hard\libc_nano.a(libc_a-nano-svfprintf.o)
                0x000000000800bf4c                _svfiprintf_r
                0x000000000800bf4c                _svfprintf_r
 .text._printf_common
                0x000000000800c148       0xda D:/STM32Cube IDE/CubeIDE_1.13.1/STM32CubeIDE_1.13.1/STM32CubeIDE/plugins/com.st.stm32cube.ide.mcu.externaltools.gnu-tools-for-stm32.11.3.rel1.win32_1.1.0.202305231506/tools/bin/../lib/gcc/arm-none-eabi/11.3.1/../../../../arm-none-eabi/lib/thumb/v7e-m+fp/hard\libc_nano.a(libc_a-nano-vfprintf_i.o)
                0x000000000800c148                _printf_common
 *fill*         0x000000000800c222        0x2 
 .text._printf_i
                0x000000000800c224      0x244 D:/STM32Cube IDE/CubeIDE_1.13.1/STM32CubeIDE_1.13.1/STM32CubeIDE/plugins/com.st.stm32cube.ide.mcu.externaltools.gnu-tools-for-stm32.11.3.rel1.win32_1.1.0.202305231506/tools/bin/../lib/gcc/arm-none-eabi/11.3.1/../../../../arm-none-eabi/lib/thumb/v7e-m+fp/hard\libc_nano.a(libc_a-nano-vfprintf_i.o)
                0x000000000800c224                _printf_i
 .text.__sflush_r
                0x000000000800c468      0x10c D:/STM32Cube IDE/CubeIDE_1.13.1/STM32CubeIDE_1.13.1/STM32CubeIDE/plugins/com.st.stm32cube.ide.mcu.externaltools.gnu-tools-for-stm32.11.3.rel1.win32_1.1.0.202305231506/tools/bin/../lib/gcc/arm-none-eabi/11.3.1/../../../../arm-none-eabi/lib/thumb/v7e-m+fp/hard\libc_nano.a(libc_a-fflush.o)
                0x000000000800c468                __sflush_r
 .text._fflush_r
                0x000000000800c574       0x50 D:/STM32Cube IDE/CubeIDE_1.13.1/STM32CubeIDE_1.13.1/STM32CubeIDE/plugins/com.st.stm32cube.ide.mcu.externaltools.gnu-tools-for-stm32.11.3.rel1.win32_1.1.0.202305231506/tools/bin/../lib/gcc/arm-none-eabi/11.3.1/../../../../arm-none-eabi/lib/thumb/v7e-m+fp/hard\libc_nano.a(libc_a-fflush.o)
                0x000000000800c574                _fflush_r
 .text.memmove  0x000000000800c5c4       0x34 D:/STM32Cube IDE/CubeIDE_1.13.1/STM32CubeIDE_1.13.1/STM32CubeIDE/plugins/com.st.stm32cube.ide.mcu.externaltools.gnu-tools-for-stm32.11.3.rel1.win32_1.1.0.202305231506/tools/bin/../lib/gcc/arm-none-eabi/11.3.1/../../../../arm-none-eabi/lib/thumb/v7e-m+fp/hard\libc_nano.a(libc_a-memmove.o)
                0x000000000800c5c4                memmove
 .text._sbrk_r  0x000000000800c5f8       0x20 D:/STM32Cube IDE/CubeIDE_1.13.1/STM32CubeIDE_1.13.1/STM32CubeIDE/plugins/com.st.stm32cube.ide.mcu.externaltools.gnu-tools-for-stm32.11.3.rel1.win32_1.1.0.202305231506/tools/bin/../lib/gcc/arm-none-eabi/11.3.1/../../../../arm-none-eabi/lib/thumb/v7e-m+fp/hard\libc_nano.a(libc_a-sbrkr.o)
                0x000000000800c5f8                _sbrk_r
 .text.strcpy   0x000000000800c618       0x10 D:/STM32Cube IDE/CubeIDE_1.13.1/STM32CubeIDE_1.13.1/STM32CubeIDE/plugins/com.st.stm32cube.ide.mcu.externaltools.gnu-tools-for-stm32.11.3.rel1.win32_1.1.0.202305231506/tools/bin/../lib/gcc/arm-none-eabi/11.3.1/../../../../arm-none-eabi/lib/thumb/v7e-m+fp/hard\libc_nano.a(libc_a-strcpy.o)
                0x000000000800c618                strcpy
 .text.memcpy   0x000000000800c628       0x1c D:/STM32Cube IDE/CubeIDE_1.13.1/STM32CubeIDE_1.13.1/STM32CubeIDE/plugins/com.st.stm32cube.ide.mcu.externaltools.gnu-tools-for-stm32.11.3.rel1.win32_1.1.0.202305231506/tools/bin/../lib/gcc/arm-none-eabi/11.3.1/../../../../arm-none-eabi/lib/thumb/v7e-m+fp/hard\libc_nano.a(libc_a-memcpy-stub.o)
                0x000000000800c628                memcpy
 .text.quorem   0x000000000800c644      0x110 D:/STM32Cube IDE/CubeIDE_1.13.1/STM32CubeIDE_1.13.1/STM32CubeIDE/plugins/com.st.stm32cube.ide.mcu.externaltools.gnu-tools-for-stm32.11.3.rel1.win32_1.1.0.202305231506/tools/bin/../lib/gcc/arm-none-eabi/11.3.1/../../../../arm-none-eabi/lib/thumb/v7e-m+fp/hard\libc_nano.a(libc_a-dtoa.o)
 *fill*         0x000000000800c754        0x4 
 .text._dtoa_r  0x000000000800c758      0xbe4 D:/STM32Cube IDE/CubeIDE_1.13.1/STM32CubeIDE_1.13.1/STM32CubeIDE/plugins/com.st.stm32cube.ide.mcu.externaltools.gnu-tools-for-stm32.11.3.rel1.win32_1.1.0.202305231506/tools/bin/../lib/gcc/arm-none-eabi/11.3.1/../../../../arm-none-eabi/lib/thumb/v7e-m+fp/hard\libc_nano.a(libc_a-dtoa.o)
                0x000000000800c758                _dtoa_r
 .text.malloc   0x000000000800d33c       0x10 D:/STM32Cube IDE/CubeIDE_1.13.1/STM32CubeIDE_1.13.1/STM32CubeIDE/plugins/com.st.stm32cube.ide.mcu.externaltools.gnu-tools-for-stm32.11.3.rel1.win32_1.1.0.202305231506/tools/bin/../lib/gcc/arm-none-eabi/11.3.1/../../../../arm-none-eabi/lib/thumb/v7e-m+fp/hard\libc_nano.a(libc_a-malloc.o)
                0x000000000800d33c                malloc
 .text._Balloc  0x000000000800d34c       0x80 D:/STM32Cube IDE/CubeIDE_1.13.1/STM32CubeIDE_1.13.1/STM32CubeIDE/plugins/com.st.stm32cube.ide.mcu.externaltools.gnu-tools-for-stm32.11.3.rel1.win32_1.1.0.202305231506/tools/bin/../lib/gcc/arm-none-eabi/11.3.1/../../../../arm-none-eabi/lib/thumb/v7e-m+fp/hard\libc_nano.a(libc_a-mprec.o)
                0x000000000800d34c                _Balloc
 .text._Bfree   0x000000000800d3cc       0x44 D:/STM32Cube IDE/CubeIDE_1.13.1/STM32CubeIDE_1.13.1/STM32CubeIDE/plugins/com.st.stm32cube.ide.mcu.externaltools.gnu-tools-for-stm32.11.3.rel1.win32_1.1.0.202305231506/tools/bin/../lib/gcc/arm-none-eabi/11.3.1/../../../../arm-none-eabi/lib/thumb/v7e-m+fp/hard\libc_nano.a(libc_a-mprec.o)
                0x000000000800d3cc                _Bfree
 .text.__multadd
                0x000000000800d410       0x8c D:/STM32Cube IDE/CubeIDE_1.13.1/STM32CubeIDE_1.13.1/STM32CubeIDE/plugins/com.st.stm32cube.ide.mcu.externaltools.gnu-tools-for-stm32.11.3.rel1.win32_1.1.0.202305231506/tools/bin/../lib/gcc/arm-none-eabi/11.3.1/../../../../arm-none-eabi/lib/thumb/v7e-m+fp/hard\libc_nano.a(libc_a-mprec.o)
                0x000000000800d410                __multadd
 .text.__hi0bits
                0x000000000800d49c       0x40 D:/STM32Cube IDE/CubeIDE_1.13.1/STM32CubeIDE_1.13.1/STM32CubeIDE/plugins/com.st.stm32cube.ide.mcu.externaltools.gnu-tools-for-stm32.11.3.rel1.win32_1.1.0.202305231506/tools/bin/../lib/gcc/arm-none-eabi/11.3.1/../../../../arm-none-eabi/lib/thumb/v7e-m+fp/hard\libc_nano.a(libc_a-mprec.o)
                0x000000000800d49c                __hi0bits
 .text.__lo0bits
                0x000000000800d4dc       0x5a D:/STM32Cube IDE/CubeIDE_1.13.1/STM32CubeIDE_1.13.1/STM32CubeIDE/plugins/com.st.stm32cube.ide.mcu.externaltools.gnu-tools-for-stm32.11.3.rel1.win32_1.1.0.202305231506/tools/bin/../lib/gcc/arm-none-eabi/11.3.1/../../../../arm-none-eabi/lib/thumb/v7e-m+fp/hard\libc_nano.a(libc_a-mprec.o)
                0x000000000800d4dc                __lo0bits
 *fill*         0x000000000800d536        0x2 
 .text.__i2b    0x000000000800d538       0x2c D:/STM32Cube IDE/CubeIDE_1.13.1/STM32CubeIDE_1.13.1/STM32CubeIDE/plugins/com.st.stm32cube.ide.mcu.externaltools.gnu-tools-for-stm32.11.3.rel1.win32_1.1.0.202305231506/tools/bin/../lib/gcc/arm-none-eabi/11.3.1/../../../../arm-none-eabi/lib/thumb/v7e-m+fp/hard\libc_nano.a(libc_a-mprec.o)
                0x000000000800d538                __i2b
 .text.__multiply
                0x000000000800d564      0x154 D:/STM32Cube IDE/CubeIDE_1.13.1/STM32CubeIDE_1.13.1/STM32CubeIDE/plugins/com.st.stm32cube.ide.mcu.externaltools.gnu-tools-for-stm32.11.3.rel1.win32_1.1.0.202305231506/tools/bin/../lib/gcc/arm-none-eabi/11.3.1/../../../../arm-none-eabi/lib/thumb/v7e-m+fp/hard\libc_nano.a(libc_a-mprec.o)
                0x000000000800d564                __multiply
 .text.__pow5mult
                0x000000000800d6b8       0xb4 D:/STM32Cube IDE/CubeIDE_1.13.1/STM32CubeIDE_1.13.1/STM32CubeIDE/plugins/com.st.stm32cube.ide.mcu.externaltools.gnu-tools-for-stm32.11.3.rel1.win32_1.1.0.202305231506/tools/bin/../lib/gcc/arm-none-eabi/11.3.1/../../../../arm-none-eabi/lib/thumb/v7e-m+fp/hard\libc_nano.a(libc_a-mprec.o)
                0x000000000800d6b8                __pow5mult
 .text.__lshift
                0x000000000800d76c       0xd8 D:/STM32Cube IDE/CubeIDE_1.13.1/STM32CubeIDE_1.13.1/STM32CubeIDE/plugins/com.st.stm32cube.ide.mcu.externaltools.gnu-tools-for-stm32.11.3.rel1.win32_1.1.0.202305231506/tools/bin/../lib/gcc/arm-none-eabi/11.3.1/../../../../arm-none-eabi/lib/thumb/v7e-m+fp/hard\libc_nano.a(libc_a-mprec.o)
                0x000000000800d76c                __lshift
 .text.__mcmp   0x000000000800d844       0x38 D:/STM32Cube IDE/CubeIDE_1.13.1/STM32CubeIDE_1.13.1/STM32CubeIDE/plugins/com.st.stm32cube.ide.mcu.externaltools.gnu-tools-for-stm32.11.3.rel1.win32_1.1.0.202305231506/tools/bin/../lib/gcc/arm-none-eabi/11.3.1/../../../../arm-none-eabi/lib/thumb/v7e-m+fp/hard\libc_nano.a(libc_a-mprec.o)
                0x000000000800d844                __mcmp
 .text.__mdiff  0x000000000800d87c      0x114 D:/STM32Cube IDE/CubeIDE_1.13.1/STM32CubeIDE_1.13.1/STM32CubeIDE/plugins/com.st.stm32cube.ide.mcu.externaltools.gnu-tools-for-stm32.11.3.rel1.win32_1.1.0.202305231506/tools/bin/../lib/gcc/arm-none-eabi/11.3.1/../../../../arm-none-eabi/lib/thumb/v7e-m+fp/hard\libc_nano.a(libc_a-mprec.o)
                0x000000000800d87c                __mdiff
 .text.__d2b    0x000000000800d990       0xb4 D:/STM32Cube IDE/CubeIDE_1.13.1/STM32CubeIDE_1.13.1/STM32CubeIDE/plugins/com.st.stm32cube.ide.mcu.externaltools.gnu-tools-for-stm32.11.3.rel1.win32_1.1.0.202305231506/tools/bin/../lib/gcc/arm-none-eabi/11.3.1/../../../../arm-none-eabi/lib/thumb/v7e-m+fp/hard\libc_nano.a(libc_a-mprec.o)
                0x000000000800d990                __d2b
 .text._mprec_log10
                0x000000000800da44       0x3c D:/STM32Cube IDE/CubeIDE_1.13.1/STM32CubeIDE_1.13.1/STM32CubeIDE/plugins/com.st.stm32cube.ide.mcu.externaltools.gnu-tools-for-stm32.11.3.rel1.win32_1.1.0.202305231506/tools/bin/../lib/gcc/arm-none-eabi/11.3.1/../../../../arm-none-eabi/lib/thumb/v7e-m+fp/hard\libc_nano.a(libc_a-mprec.o)
                0x000000000800da44                _mprec_log10
 .text._realloc_r
                0x000000000800da80       0x5e D:/STM32Cube IDE/CubeIDE_1.13.1/STM32CubeIDE_1.13.1/STM32CubeIDE/plugins/com.st.stm32cube.ide.mcu.externaltools.gnu-tools-for-stm32.11.3.rel1.win32_1.1.0.202305231506/tools/bin/../lib/gcc/arm-none-eabi/11.3.1/../../../../arm-none-eabi/lib/thumb/v7e-m+fp/hard\libc_nano.a(libc_a-reallocr.o)
                0x000000000800da80                _realloc_r
 *fill*         0x000000000800dade        0x2 
 .text.__assert_func
                0x000000000800dae0       0x3c D:/STM32Cube IDE/CubeIDE_1.13.1/STM32CubeIDE_1.13.1/STM32CubeIDE/plugins/com.st.stm32cube.ide.mcu.externaltools.gnu-tools-for-stm32.11.3.rel1.win32_1.1.0.202305231506/tools/bin/../lib/gcc/arm-none-eabi/11.3.1/../../../../arm-none-eabi/lib/thumb/v7e-m+fp/hard\libc_nano.a(libc_a-assert.o)
                0x000000000800dae0                __assert_func
 .text._calloc_r
                0x000000000800db1c       0x2c D:/STM32Cube IDE/CubeIDE_1.13.1/STM32CubeIDE_1.13.1/STM32CubeIDE/plugins/com.st.stm32cube.ide.mcu.externaltools.gnu-tools-for-stm32.11.3.rel1.win32_1.1.0.202305231506/tools/bin/../lib/gcc/arm-none-eabi/11.3.1/../../../../arm-none-eabi/lib/thumb/v7e-m+fp/hard\libc_nano.a(libc_a-callocr.o)
                0x000000000800db1c                _calloc_r
 .text._malloc_usable_size_r
                0x000000000800db48       0x10 D:/STM32Cube IDE/CubeIDE_1.13.1/STM32CubeIDE_1.13.1/STM32CubeIDE/plugins/com.st.stm32cube.ide.mcu.externaltools.gnu-tools-for-stm32.11.3.rel1.win32_1.1.0.202305231506/tools/bin/../lib/gcc/arm-none-eabi/11.3.1/../../../../arm-none-eabi/lib/thumb/v7e-m+fp/hard\libc_nano.a(libc_a-msizer.o)
                0x000000000800db48                _malloc_usable_size_r
 .text.fprintf  0x000000000800db58       0x24 D:/STM32Cube IDE/CubeIDE_1.13.1/STM32CubeIDE_1.13.1/STM32CubeIDE/plugins/com.st.stm32cube.ide.mcu.externaltools.gnu-tools-for-stm32.11.3.rel1.win32_1.1.0.202305231506/tools/bin/../lib/gcc/arm-none-eabi/11.3.1/../../../../arm-none-eabi/lib/thumb/v7e-m+fp/hard\libc_nano.a(libc_a-fprintf.o)
                0x000000000800db58                fiprintf
                0x000000000800db58                fprintf
 .text.abort    0x000000000800db7c        0xe D:/STM32Cube IDE/CubeIDE_1.13.1/STM32CubeIDE_1.13.1/STM32CubeIDE/plugins/com.st.stm32cube.ide.mcu.externaltools.gnu-tools-for-stm32.11.3.rel1.win32_1.1.0.202305231506/tools/bin/../lib/gcc/arm-none-eabi/11.3.1/../../../../arm-none-eabi/lib/thumb/v7e-m+fp/hard\libc_nano.a(libc_a-abort.o)
                0x000000000800db7c                abort
 .text.__sfputc_r
                0x000000000800db8a       0x2e D:/STM32Cube IDE/CubeIDE_1.13.1/STM32CubeIDE_1.13.1/STM32CubeIDE/plugins/com.st.stm32cube.ide.mcu.externaltools.gnu-tools-for-stm32.11.3.rel1.win32_1.1.0.202305231506/tools/bin/../lib/gcc/arm-none-eabi/11.3.1/../../../../arm-none-eabi/lib/thumb/v7e-m+fp/hard\libc_nano.a(libc_a-nano-vfprintf.o)
 .text.__sfputs_r
                0x000000000800dbb8       0x24 D:/STM32Cube IDE/CubeIDE_1.13.1/STM32CubeIDE_1.13.1/STM32CubeIDE/plugins/com.st.stm32cube.ide.mcu.externaltools.gnu-tools-for-stm32.11.3.rel1.win32_1.1.0.202305231506/tools/bin/../lib/gcc/arm-none-eabi/11.3.1/../../../../arm-none-eabi/lib/thumb/v7e-m+fp/hard\libc_nano.a(libc_a-nano-vfprintf.o)
                0x000000000800dbb8                __sfputs_r
 .text._vfprintf_r
                0x000000000800dbdc      0x234 D:/STM32Cube IDE/CubeIDE_1.13.1/STM32CubeIDE_1.13.1/STM32CubeIDE/plugins/com.st.stm32cube.ide.mcu.externaltools.gnu-tools-for-stm32.11.3.rel1.win32_1.1.0.202305231506/tools/bin/../lib/gcc/arm-none-eabi/11.3.1/../../../../arm-none-eabi/lib/thumb/v7e-m+fp/hard\libc_nano.a(libc_a-nano-vfprintf.o)
                0x000000000800dbdc                _vfprintf_r
                0x000000000800dbdc                _vfiprintf_r
 .text.__swbuf_r
                0x000000000800de10       0x7a D:/STM32Cube IDE/CubeIDE_1.13.1/STM32CubeIDE_1.13.1/STM32CubeIDE/plugins/com.st.stm32cube.ide.mcu.externaltools.gnu-tools-for-stm32.11.3.rel1.win32_1.1.0.202305231506/tools/bin/../lib/gcc/arm-none-eabi/11.3.1/../../../../arm-none-eabi/lib/thumb/v7e-m+fp/hard\libc_nano.a(libc_a-wbuf.o)
                0x000000000800de10                __swbuf_r
 *fill*         0x000000000800de8a        0x2 
 .text.__swsetup_r
                0x000000000800de8c       0xb0 D:/STM32Cube IDE/CubeIDE_1.13.1/STM32CubeIDE_1.13.1/STM32CubeIDE/plugins/com.st.stm32cube.ide.mcu.externaltools.gnu-tools-for-stm32.11.3.rel1.win32_1.1.0.202305231506/tools/bin/../lib/gcc/arm-none-eabi/11.3.1/../../../../arm-none-eabi/lib/thumb/v7e-m+fp/hard\libc_nano.a(libc_a-wsetup.o)
                0x000000000800de8c                __swsetup_r
 .text._raise_r
                0x000000000800df3c       0x50 D:/STM32Cube IDE/CubeIDE_1.13.1/STM32CubeIDE_1.13.1/STM32CubeIDE/plugins/com.st.stm32cube.ide.mcu.externaltools.gnu-tools-for-stm32.11.3.rel1.win32_1.1.0.202305231506/tools/bin/../lib/gcc/arm-none-eabi/11.3.1/../../../../arm-none-eabi/lib/thumb/v7e-m+fp/hard\libc_nano.a(libc_a-signal.o)
                0x000000000800df3c                _raise_r
 .text.raise    0x000000000800df8c       0x10 D:/STM32Cube IDE/CubeIDE_1.13.1/STM32CubeIDE_1.13.1/STM32CubeIDE/plugins/com.st.stm32cube.ide.mcu.externaltools.gnu-tools-for-stm32.11.3.rel1.win32_1.1.0.202305231506/tools/bin/../lib/gcc/arm-none-eabi/11.3.1/../../../../arm-none-eabi/lib/thumb/v7e-m+fp/hard\libc_nano.a(libc_a-signal.o)
                0x000000000800df8c                raise
 .text._kill_r  0x000000000800df9c       0x24 D:/STM32Cube IDE/CubeIDE_1.13.1/STM32CubeIDE_1.13.1/STM32CubeIDE/plugins/com.st.stm32cube.ide.mcu.externaltools.gnu-tools-for-stm32.11.3.rel1.win32_1.1.0.202305231506/tools/bin/../lib/gcc/arm-none-eabi/11.3.1/../../../../arm-none-eabi/lib/thumb/v7e-m+fp/hard\libc_nano.a(libc_a-signalr.o)
                0x000000000800df9c                _kill_r
 .text._getpid_r
                0x000000000800dfc0        0x4 D:/STM32Cube IDE/CubeIDE_1.13.1/STM32CubeIDE_1.13.1/STM32CubeIDE/plugins/com.st.stm32cube.ide.mcu.externaltools.gnu-tools-for-stm32.11.3.rel1.win32_1.1.0.202305231506/tools/bin/../lib/gcc/arm-none-eabi/11.3.1/../../../../arm-none-eabi/lib/thumb/v7e-m+fp/hard\libc_nano.a(libc_a-signalr.o)
                0x000000000800dfc0                _getpid_r
 .text.__swhatbuf_r
                0x000000000800dfc4       0x4c D:/STM32Cube IDE/CubeIDE_1.13.1/STM32CubeIDE_1.13.1/STM32CubeIDE/plugins/com.st.stm32cube.ide.mcu.externaltools.gnu-tools-for-stm32.11.3.rel1.win32_1.1.0.202305231506/tools/bin/../lib/gcc/arm-none-eabi/11.3.1/../../../../arm-none-eabi/lib/thumb/v7e-m+fp/hard\libc_nano.a(libc_a-makebuf.o)
                0x000000000800dfc4                __swhatbuf_r
 .text.__smakebuf_r
                0x000000000800e010       0x78 D:/STM32Cube IDE/CubeIDE_1.13.1/STM32CubeIDE_1.13.1/STM32CubeIDE/plugins/com.st.stm32cube.ide.mcu.externaltools.gnu-tools-for-stm32.11.3.rel1.win32_1.1.0.202305231506/tools/bin/../lib/gcc/arm-none-eabi/11.3.1/../../../../arm-none-eabi/lib/thumb/v7e-m+fp/hard\libc_nano.a(libc_a-makebuf.o)
                0x000000000800e010                __smakebuf_r
 .text._fstat_r
                0x000000000800e088       0x24 D:/STM32Cube IDE/CubeIDE_1.13.1/STM32CubeIDE_1.13.1/STM32CubeIDE/plugins/com.st.stm32cube.ide.mcu.externaltools.gnu-tools-for-stm32.11.3.rel1.win32_1.1.0.202305231506/tools/bin/../lib/gcc/arm-none-eabi/11.3.1/../../../../arm-none-eabi/lib/thumb/v7e-m+fp/hard\libc_nano.a(libc_a-fstatr.o)
                0x000000000800e088                _fstat_r
 .text._isatty_r
                0x000000000800e0ac       0x20 D:/STM32Cube IDE/CubeIDE_1.13.1/STM32CubeIDE_1.13.1/STM32CubeIDE/plugins/com.st.stm32cube.ide.mcu.externaltools.gnu-tools-for-stm32.11.3.rel1.win32_1.1.0.202305231506/tools/bin/../lib/gcc/arm-none-eabi/11.3.1/../../../../arm-none-eabi/lib/thumb/v7e-m+fp/hard\libc_nano.a(libc_a-isattyr.o)
                0x000000000800e0ac                _isatty_r
 *(.glue_7)
 .glue_7        0x000000000800e0cc        0x0 linker stubs
 *(.glue_7t)
 .glue_7t       0x000000000800e0cc        0x0 linker stubs
 *(.eh_frame)
 .eh_frame      0x000000000800e0cc        0x0 D:/STM32Cube IDE/CubeIDE_1.13.1/STM32CubeIDE_1.13.1/STM32CubeIDE/plugins/com.st.stm32cube.ide.mcu.externaltools.gnu-tools-for-stm32.11.3.rel1.win32_1.1.0.202305231506/tools/bin/../lib/gcc/arm-none-eabi/11.3.1/thumb/v7e-m+fp/hard/crtbegin.o
 *(.init)
 .init          0x000000000800e0cc        0x4 D:/STM32Cube IDE/CubeIDE_1.13.1/STM32CubeIDE_1.13.1/STM32CubeIDE/plugins/com.st.stm32cube.ide.mcu.externaltools.gnu-tools-for-stm32.11.3.rel1.win32_1.1.0.202305231506/tools/bin/../lib/gcc/arm-none-eabi/11.3.1/thumb/v7e-m+fp/hard/crti.o
                0x000000000800e0cc                _init
 .init          0x000000000800e0d0        0x8 D:/STM32Cube IDE/CubeIDE_1.13.1/STM32CubeIDE_1.13.1/STM32CubeIDE/plugins/com.st.stm32cube.ide.mcu.externaltools.gnu-tools-for-stm32.11.3.rel1.win32_1.1.0.202305231506/tools/bin/../lib/gcc/arm-none-eabi/11.3.1/thumb/v7e-m+fp/hard/crtn.o
 *(.fini)
 .fini          0x000000000800e0d8        0x4 D:/STM32Cube IDE/CubeIDE_1.13.1/STM32CubeIDE_1.13.1/STM32CubeIDE/plugins/com.st.stm32cube.ide.mcu.externaltools.gnu-tools-for-stm32.11.3.rel1.win32_1.1.0.202305231506/tools/bin/../lib/gcc/arm-none-eabi/11.3.1/thumb/v7e-m+fp/hard/crti.o
                0x000000000800e0d8                _fini
 .fini          0x000000000800e0dc        0x8 D:/STM32Cube IDE/CubeIDE_1.13.1/STM32CubeIDE_1.13.1/STM32CubeIDE/plugins/com.st.stm32cube.ide.mcu.externaltools.gnu-tools-for-stm32.11.3.rel1.win32_1.1.0.202305231506/tools/bin/../lib/gcc/arm-none-eabi/11.3.1/thumb/v7e-m+fp/hard/crtn.o
                0x000000000800e0e4                . = ALIGN (0x4)
                0x000000000800e0e4                _etext = .

.vfp11_veneer   0x000000000800e0e4        0x0
 .vfp11_veneer  0x000000000800e0e4        0x0 linker stubs

.v4_bx          0x000000000800e0e4        0x0
 .v4_bx         0x000000000800e0e4        0x0 linker stubs

.iplt           0x000000000800e0e4        0x0
 .iplt          0x000000000800e0e4        0x0 D:/STM32Cube IDE/CubeIDE_1.13.1/STM32CubeIDE_1.13.1/STM32CubeIDE/plugins/com.st.stm32cube.ide.mcu.externaltools.gnu-tools-for-stm32.11.3.rel1.win32_1.1.0.202305231506/tools/bin/../lib/gcc/arm-none-eabi/11.3.1/thumb/v7e-m+fp/hard/crtbegin.o

.rodata         0x000000000800e0e8      0x910
                0x000000000800e0e8                . = ALIGN (0x4)
 *(.rodata)
 .rodata        0x000000000800e0e8       0x58 ./Core/Src/main.o
 .rodata        0x000000000800e140       0x99 ./MLX90614/MLX90614.o
 *fill*         0x000000000800e1d9        0x3 
 .rodata        0x000000000800e1dc       0x48 ./Middlewares/Third_Party/FatFs/src/ff.o
 *(.rodata*)
 .rodata.AHBPrescTable
                0x000000000800e224       0x10 ./Core/Src/system_stm32l4xx.o
                0x000000000800e224                AHBPrescTable
 .rodata.MSIRangeTable
                0x000000000800e234       0x30 ./Core/Src/system_stm32l4xx.o
                0x000000000800e234                MSIRangeTable
 .rodata.crc_table
                0x000000000800e264      0x100 ./MLX90614/MLX90614.o
 .rodata.ExCvt  0x000000000800e364       0x80 ./Middlewares/Third_Party/FatFs/src/ff.o
 .rodata.LfnOfs
                0x000000000800e3e4        0xd ./Middlewares/Third_Party/FatFs/src/ff.o
 *fill*         0x000000000800e3f1        0x3 
 .rodata.Tbl    0x000000000800e3f4      0x100 ./Middlewares/Third_Party/FatFs/src/option/ccsbcs.o
 .rodata.cvt1.1
                0x000000000800e4f4      0x1f2 ./Middlewares/Third_Party/FatFs/src/option/ccsbcs.o
 *fill*         0x000000000800e6e6        0x2 
 .rodata.cvt2.0
                0x000000000800e6e8       0xbc ./Middlewares/Third_Party/FatFs/src/option/ccsbcs.o
 .rodata._svfprintf_r.str1.1
                0x000000000800e7a4       0x11 D:/STM32Cube IDE/CubeIDE_1.13.1/STM32CubeIDE_1.13.1/STM32CubeIDE/plugins/com.st.stm32cube.ide.mcu.externaltools.gnu-tools-for-stm32.11.3.rel1.win32_1.1.0.202305231506/tools/bin/../lib/gcc/arm-none-eabi/11.3.1/../../../../arm-none-eabi/lib/thumb/v7e-m+fp/hard\libc_nano.a(libc_a-nano-svfprintf.o)
 .rodata._printf_i.str1.1
                0x000000000800e7b5       0x22 D:/STM32Cube IDE/CubeIDE_1.13.1/STM32CubeIDE_1.13.1/STM32CubeIDE/plugins/com.st.stm32cube.ide.mcu.externaltools.gnu-tools-for-stm32.11.3.rel1.win32_1.1.0.202305231506/tools/bin/../lib/gcc/arm-none-eabi/11.3.1/../../../../arm-none-eabi/lib/thumb/v7e-m+fp/hard\libc_nano.a(libc_a-nano-vfprintf_i.o)
 .rodata._dtoa_r.str1.1
                0x000000000800e7d7       0x8f D:/STM32Cube IDE/CubeIDE_1.13.1/STM32CubeIDE_1.13.1/STM32CubeIDE/plugins/com.st.stm32cube.ide.mcu.externaltools.gnu-tools-for-stm32.11.3.rel1.win32_1.1.0.202305231506/tools/bin/../lib/gcc/arm-none-eabi/11.3.1/../../../../arm-none-eabi/lib/thumb/v7e-m+fp/hard\libc_nano.a(libc_a-dtoa.o)
 .rodata._Balloc.str1.1
                0x000000000800e866       0x59 D:/STM32Cube IDE/CubeIDE_1.13.1/STM32CubeIDE_1.13.1/STM32CubeIDE/plugins/com.st.stm32cube.ide.mcu.externaltools.gnu-tools-for-stm32.11.3.rel1.win32_1.1.0.202305231506/tools/bin/../lib/gcc/arm-none-eabi/11.3.1/../../../../arm-none-eabi/lib/thumb/v7e-m+fp/hard\libc_nano.a(libc_a-mprec.o)
                                         0x70 (size before relaxing)
 .rodata.__multadd.str1.1
                0x000000000800e8bf       0x11 D:/STM32Cube IDE/CubeIDE_1.13.1/STM32CubeIDE_1.13.1/STM32CubeIDE/plugins/com.st.stm32cube.ide.mcu.externaltools.gnu-tools-for-stm32.11.3.rel1.win32_1.1.0.202305231506/tools/bin/../lib/gcc/arm-none-eabi/11.3.1/../../../../arm-none-eabi/lib/thumb/v7e-m+fp/hard\libc_nano.a(libc_a-mprec.o)
 *fill*         0x000000000800e8bf        0x1 
 .rodata.__mprec_bigtens
                0x000000000800e8c0       0x28 D:/STM32Cube IDE/CubeIDE_1.13.1/STM32CubeIDE_1.13.1/STM32CubeIDE/plugins/com.st.stm32cube.ide.mcu.externaltools.gnu-tools-for-stm32.11.3.rel1.win32_1.1.0.202305231506/tools/bin/../lib/gcc/arm-none-eabi/11.3.1/../../../../arm-none-eabi/lib/thumb/v7e-m+fp/hard\libc_nano.a(libc_a-mprec.o)
                0x000000000800e8c0                __mprec_bigtens
 .rodata.__mprec_tens
                0x000000000800e8e8       0xc8 D:/STM32Cube IDE/CubeIDE_1.13.1/STM32CubeIDE_1.13.1/STM32CubeIDE/plugins/com.st.stm32cube.ide.mcu.externaltools.gnu-tools-for-stm32.11.3.rel1.win32_1.1.0.202305231506/tools/bin/../lib/gcc/arm-none-eabi/11.3.1/../../../../arm-none-eabi/lib/thumb/v7e-m+fp/hard\libc_nano.a(libc_a-mprec.o)
                0x000000000800e8e8                __mprec_tens
 .rodata.p05.0  0x000000000800e9b0        0xc D:/STM32Cube IDE/CubeIDE_1.13.1/STM32CubeIDE_1.13.1/STM32CubeIDE/plugins/com.st.stm32cube.ide.mcu.externaltools.gnu-tools-for-stm32.11.3.rel1.win32_1.1.0.202305231506/tools/bin/../lib/gcc/arm-none-eabi/11.3.1/../../../../arm-none-eabi/lib/thumb/v7e-m+fp/hard\libc_nano.a(libc_a-mprec.o)
 .rodata.__assert_func.str1.1
                0x000000000800e9bc       0x3c D:/STM32Cube IDE/CubeIDE_1.13.1/STM32CubeIDE_1.13.1/STM32CubeIDE/plugins/com.st.stm32cube.ide.mcu.externaltools.gnu-tools-for-stm32.11.3.rel1.win32_1.1.0.202305231506/tools/bin/../lib/gcc/arm-none-eabi/11.3.1/../../../../arm-none-eabi/lib/thumb/v7e-m+fp/hard\libc_nano.a(libc_a-assert.o)
                                         0x3d (size before relaxing)
 .rodata._vfprintf_r.str1.1
                0x000000000800e9f8       0x11 D:/STM32Cube IDE/CubeIDE_1.13.1/STM32CubeIDE_1.13.1/STM32CubeIDE/plugins/com.st.stm32cube.ide.mcu.externaltools.gnu-tools-for-stm32.11.3.rel1.win32_1.1.0.202305231506/tools/bin/../lib/gcc/arm-none-eabi/11.3.1/../../../../arm-none-eabi/lib/thumb/v7e-m+fp/hard\libc_nano.a(libc_a-nano-vfprintf.o)
                0x000000000800ea0c                . = ALIGN (0x4)

.rel.dyn        0x000000000800e9f8        0x0
 .rel.iplt      0x000000000800e9f8        0x0 D:/STM32Cube IDE/CubeIDE_1.13.1/STM32CubeIDE_1.13.1/STM32CubeIDE/plugins/com.st.stm32cube.ide.mcu.externaltools.gnu-tools-for-stm32.11.3.rel1.win32_1.1.0.202305231506/tools/bin/../lib/gcc/arm-none-eabi/11.3.1/thumb/v7e-m+fp/hard/crtbegin.o

.ARM.extab      0x000000000800e9f8        0x0
                0x000000000800e9f8                . = ALIGN (0x4)
 *(.ARM.extab* .gnu.linkonce.armextab.*)
                0x000000000800e9f8                . = ALIGN (0x4)

.ARM            0x000000000800e9f8        0x0
                0x000000000800e9f8                . = ALIGN (0x4)
                0x000000000800e9f8                __exidx_start = .
 *(.ARM.exidx*)
                0x000000000800e9f8                __exidx_end = .
                0x000000000800e9f8                . = ALIGN (0x4)

.preinit_array  0x000000000800e9f8        0x0
                0x000000000800e9f8                . = ALIGN (0x4)
                0x000000000800e9f8                PROVIDE (__preinit_array_start = .)
 *(.preinit_array*)
                0x000000000800e9f8                PROVIDE (__preinit_array_end = .)
                0x000000000800e9f8                . = ALIGN (0x4)

.init_array     0x000000000800e9f8        0x4
                0x000000000800e9f8                . = ALIGN (0x4)
                0x000000000800e9f8                PROVIDE (__init_array_start = .)
 *(SORT_BY_NAME(.init_array.*))
 *(.init_array*)
 .init_array    0x000000000800e9f8        0x4 D:/STM32Cube IDE/CubeIDE_1.13.1/STM32CubeIDE_1.13.1/STM32CubeIDE/plugins/com.st.stm32cube.ide.mcu.externaltools.gnu-tools-for-stm32.11.3.rel1.win32_1.1.0.202305231506/tools/bin/../lib/gcc/arm-none-eabi/11.3.1/thumb/v7e-m+fp/hard/crtbegin.o
                0x000000000800e9fc                PROVIDE (__init_array_end = .)
                0x000000000800e9fc                . = ALIGN (0x4)

.fini_array     0x000000000800e9fc        0x4
                0x000000000800e9fc                . = ALIGN (0x4)
                [!provide]                        PROVIDE (__fini_array_start = .)
 *(SORT_BY_NAME(.fini_array.*))
 *(.fini_array*)
 .fini_array    0x000000000800e9fc        0x4 D:/STM32Cube IDE/CubeIDE_1.13.1/STM32CubeIDE_1.13.1/STM32CubeIDE/plugins/com.st.stm32cube.ide.mcu.externaltools.gnu-tools-for-stm32.11.3.rel1.win32_1.1.0.202305231506/tools/bin/../lib/gcc/arm-none-eabi/11.3.1/thumb/v7e-m+fp/hard/crtbegin.o
                [!provide]                        PROVIDE (__fini_array_end = .)
                0x000000000800ea00                . = ALIGN (0x4)
                0x000000000800ea00                _sidata = LOADADDR (.data)

.data           0x0000000020000000       0x88 load address 0x000000000800ea00
                0x0000000020000000                . = ALIGN (0x4)
                0x0000000020000000                _sdata = .
 *(.data)
 *(.data*)
 .data.rtc      0x0000000020000000        0x7 ./Core/Src/main.o
                0x0000000020000000                rtc
 *fill*         0x0000000020000007        0x1 
 .data.SystemCoreClock
                0x0000000020000008        0x4 ./Core/Src/system_stm32l4xx.o
                0x0000000020000008                SystemCoreClock
 .data.uwTickPrio
                0x000000002000000c        0x4 ./Drivers/STM32L4xx_HAL_Driver/Src/stm32l4xx_hal.o
                0x000000002000000c                uwTickPrio
 .data.uwTickFreq
                0x0000000020000010        0x1 ./Drivers/STM32L4xx_HAL_Driver/Src/stm32l4xx_hal.o
                0x0000000020000010                uwTickFreq
 *fill*         0x0000000020000011        0x3 
 .data.USER_Driver
                0x0000000020000014       0x14 ./FATFS/Target/user_diskio.o
                0x0000000020000014                USER_Driver
 .data.Stat     0x0000000020000028        0x1 ./SD_Card_FATFS/fatfs_sd.o
 *fill*         0x0000000020000029        0x3 
 .data.__sglue  0x000000002000002c        0xc D:/STM32Cube IDE/CubeIDE_1.13.1/STM32CubeIDE_1.13.1/STM32CubeIDE/plugins/com.st.stm32cube.ide.mcu.externaltools.gnu-tools-for-stm32.11.3.rel1.win32_1.1.0.202305231506/tools/bin/../lib/gcc/arm-none-eabi/11.3.1/../../../../arm-none-eabi/lib/thumb/v7e-m+fp/hard\libc_nano.a(libc_a-findfp.o)
                0x000000002000002c                __sglue
 .data._impure_data
                0x0000000020000038       0x4c D:/STM32Cube IDE/CubeIDE_1.13.1/STM32CubeIDE_1.13.1/STM32CubeIDE/plugins/com.st.stm32cube.ide.mcu.externaltools.gnu-tools-for-stm32.11.3.rel1.win32_1.1.0.202305231506/tools/bin/../lib/gcc/arm-none-eabi/11.3.1/../../../../arm-none-eabi/lib/thumb/v7e-m+fp/hard\libc_nano.a(libc_a-impure.o)
                0x0000000020000038                _impure_data
 .data._impure_ptr
                0x0000000020000084        0x4 D:/STM32Cube IDE/CubeIDE_1.13.1/STM32CubeIDE_1.13.1/STM32CubeIDE/plugins/com.st.stm32cube.ide.mcu.externaltools.gnu-tools-for-stm32.11.3.rel1.win32_1.1.0.202305231506/tools/bin/../lib/gcc/arm-none-eabi/11.3.1/../../../../arm-none-eabi/lib/thumb/v7e-m+fp/hard\libc_nano.a(libc_a-impure.o)
                0x0000000020000084                _impure_ptr
 *(.RamFunc)
 *(.RamFunc*)
                0x0000000020000088                . = ALIGN (0x4)
                0x0000000020000088                _edata = .

.igot.plt       0x0000000020000088        0x0 load address 0x000000000800ea88
 .igot.plt      0x0000000020000088        0x0 D:/STM32Cube IDE/CubeIDE_1.13.1/STM32CubeIDE_1.13.1/STM32CubeIDE/plugins/com.st.stm32cube.ide.mcu.externaltools.gnu-tools-for-stm32.11.3.rel1.win32_1.1.0.202305231506/tools/bin/../lib/gcc/arm-none-eabi/11.3.1/thumb/v7e-m+fp/hard/crtbegin.o
                0x0000000020000088                . = ALIGN (0x4)

.bss            0x0000000020000088     0x2778 load address 0x000000000800ea88
                0x0000000020000088                _sbss = .
                0x0000000020000088                __bss_start__ = _sbss
 *(.bss)
 .bss           0x0000000020000088       0x1c D:/STM32Cube IDE/CubeIDE_1.13.1/STM32CubeIDE_1.13.1/STM32CubeIDE/plugins/com.st.stm32cube.ide.mcu.externaltools.gnu-tools-for-stm32.11.3.rel1.win32_1.1.0.202305231506/tools/bin/../lib/gcc/arm-none-eabi/11.3.1/thumb/v7e-m+fp/hard/crtbegin.o
 *(.bss*)
 .bss.fs        0x00000000200000a4     0x1038 ./Core/Src/main.o
                0x00000000200000a4                fs
 .bss.fil       0x00000000200010dc     0x1030 ./Core/Src/main.o
                0x00000000200010dc                fil
 .bss.hadc1     0x000000002000210c       0x68 ./Core/Src/main.o
                0x000000002000210c                hadc1
 .bss.hadc2     0x0000000020002174       0x68 ./Core/Src/main.o
                0x0000000020002174                hadc2
 .bss.hadc3     0x00000000200021dc       0x68 ./Core/Src/main.o
                0x00000000200021dc                hadc3
 .bss.hi2c1     0x0000000020002244       0x54 ./Core/Src/main.o