../Core/Src/main.c:112:5:main	112	static
../Core/Src/main.c:218:6:SystemClock_Config	96	static
../Core/Src/main.c:268:6:PeriphCommonClock_Config	152	static
../Core/Src/main.c:294:13:MX_ADC1_Init	48	static
../Core/Src/main.c:385:13:MX_ADC2_Init	32	static
../Core/Src/main.c:443:13:MX_ADC3_Init	32	static
../Core/Src/main.c:501:13:MX_I2C1_Init	8	static
../Core/Src/main.c:549:13:MX_I2C2_Init	8	static
../Core/Src/main.c:597:13:MX_SPI1_Init	8	static
../Core/Src/main.c:637:13:MX_GPIO_Init	48	static
../Core/Src/main.c:672:6:Error_Handler	4	static,ignoring_inline_asm
